usbd_i2s_to_usb.c:229:16:USBD_TEMPLATE_Init	0	static
usbd_i2s_to_usb.c:298:17:USBD_TEMPLATE_GetCfgDesc	0	static
usbd_i2s_to_usb.c:336:16:USBD_TEMPLATE_EP0_RxReady	0	static
usbd_i2s_to_usb.c:406:10:USBD_TEMPLATE_GetDeviceQualifierDesc	0	static
usbd_i2s_to_usb.c:255:16:USBD_TEMPLATE_Setup	8	static
usbd_i2s_to_usb.c:382:16:USBD_TEMPLATE_IsoOutIncomplete	0	static
usbd_i2s_to_usb.c:394:16:USBD_TEMPLATE_DataOut	0	static
usbd_i2s_to_usb.c:242:16:USBD_TEMPLATE_DeInit	0	static
usbd_i2s_to_usb.c:324:16:USBD_TEMPLATE_DataIn	0	static
usbd_i2s_to_usb.c:370:16:USBD_TEMPLATE_IsoINIncomplete	0	static
usbd_i2s_to_usb.c:347:16:USBD_TEMPLATE_EP0_TxReady	0	static
usbd_i2s_to_usb.c:358:16:USBD_TEMPLATE_SOF	0	static
usbd_i2s_to_usb.c:310:10:USBD_TEMPLATE_DeviceQualifierDescriptor	0	static
