usbd_conf.c:43:27:USBD_Get_USB_Status	0	static
usbd_conf.c:58:20:USBD_LL_Init	8	static
usbd_conf.c:75:20:USBD_LL_DeInit	8	static
usbd_conf.c:86:20:USBD_LL_Start	8	static
usbd_conf.c:97:20:USBD_LL_Stop	8	static
usbd_conf.c:111:20:USBD_LL_OpenEP	16	static
usbd_conf.c:125:20:USBD_LL_CloseEP	16	static
usbd_conf.c:138:20:USBD_LL_FlushEP	8	static
usbd_conf.c:150:20:USBD_LL_StallEP	8	static
usbd_conf.c:163:20:USBD_LL_ClearStallEP	8	static
usbd_conf.c:177:9:USBD_LL_IsStallEP	0	static
usbd_conf.c:191:20:USBD_LL_SetUSBAddress	8	static
usbd_conf.c:207:20:USBD_LL_Transmit	8	static
usbd_conf.c:223:20:USBD_LL_PrepareReceive	8	static
usbd_conf.c:237:10:USBD_LL_GetRxDataSize	0	static
usbd_conf.c:247:6:USBD_LL_Delay	0	static
