usbd_pcd.c:13:6:HAL_PCD_DataOutStageCallback	0	static
usbd_pcd.c:24:6:HAL_PCD_DataInStageCallback	0	static
usbd_pcd.c:34:6:HAL_PCD_SetupStageCallback	0	static
usbd_pcd.c:44:6:HAL_PCD_SOFCallback	0	static
usbd_pcd.c:54:6:HAL_PCD_ResetCallback	8	static
usbd_pcd.c:65:6:HAL_PCD_SuspendCallback	0	static
usbd_pcd.c:75:6:HAL_PCD_ResumeCallback	0	static
usbd_pcd.c:86:6:HAL_PCD_ISOOUTIncompleteCallback	0	static
usbd_pcd.c:97:6:HAL_PCD_ISOINIncompleteCallback	0	static
usbd_pcd.c:107:6:HAL_PCD_ConnectCallback	0	static
usbd_pcd.c:117:6:HAL_PCD_DisconnectCallback	0	static
