Archive member included to satisfy reference by file (symbol)

c:/st/stm32cubeide_1.4.0/stm32cubeide/plugins/com.st.stm32cube.ide.mcu.externaltools.gnu-tools-for-stm32.7-2018-q2-update.win32_1.4.0.202007081208/tools/bin/../lib/gcc/arm-none-eabi/7.3.1/../../../../arm-none-eabi/lib/thumb/v7e-m/fpv4-sp/hard\libc_nano.a(lib_a-errno.o)
                              Core/Src/syscalls.o (__errno)
c:/st/stm32cubeide_1.4.0/stm32cubeide/plugins/com.st.stm32cube.ide.mcu.externaltools.gnu-tools-for-stm32.7-2018-q2-update.win32_1.4.0.202007081208/tools/bin/../lib/gcc/arm-none-eabi/7.3.1/../../../../arm-none-eabi/lib/thumb/v7e-m/fpv4-sp/hard\libc_nano.a(lib_a-exit.o)
                              c:/st/stm32cubeide_1.4.0/stm32cubeide/plugins/com.st.stm32cube.ide.mcu.externaltools.gnu-tools-for-stm32.7-2018-q2-update.win32_1.4.0.202007081208/tools/bin/../lib/gcc/arm-none-eabi/7.3.1/../../../../arm-none-eabi/lib/thumb/v7e-m/fpv4-sp/hard/crt0.o (exit)
c:/st/stm32cubeide_1.4.0/stm32cubeide/plugins/com.st.stm32cube.ide.mcu.externaltools.gnu-tools-for-stm32.7-2018-q2-update.win32_1.4.0.202007081208/tools/bin/../lib/gcc/arm-none-eabi/7.3.1/../../../../arm-none-eabi/lib/thumb/v7e-m/fpv4-sp/hard\libc_nano.a(lib_a-impure.o)
                              c:/st/stm32cubeide_1.4.0/stm32cubeide/plugins/com.st.stm32cube.ide.mcu.externaltools.gnu-tools-for-stm32.7-2018-q2-update.win32_1.4.0.202007081208/tools/bin/../lib/gcc/arm-none-eabi/7.3.1/../../../../arm-none-eabi/lib/thumb/v7e-m/fpv4-sp/hard\libc_nano.a(lib_a-exit.o) (_global_impure_ptr)
c:/st/stm32cubeide_1.4.0/stm32cubeide/plugins/com.st.stm32cube.ide.mcu.externaltools.gnu-tools-for-stm32.7-2018-q2-update.win32_1.4.0.202007081208/tools/bin/../lib/gcc/arm-none-eabi/7.3.1/../../../../arm-none-eabi/lib/thumb/v7e-m/fpv4-sp/hard\libc_nano.a(lib_a-init.o)
                              c:/st/stm32cubeide_1.4.0/stm32cubeide/plugins/com.st.stm32cube.ide.mcu.externaltools.gnu-tools-for-stm32.7-2018-q2-update.win32_1.4.0.202007081208/tools/bin/../lib/gcc/arm-none-eabi/7.3.1/../../../../arm-none-eabi/lib/thumb/v7e-m/fpv4-sp/hard/crt0.o (__libc_init_array)
c:/st/stm32cubeide_1.4.0/stm32cubeide/plugins/com.st.stm32cube.ide.mcu.externaltools.gnu-tools-for-stm32.7-2018-q2-update.win32_1.4.0.202007081208/tools/bin/../lib/gcc/arm-none-eabi/7.3.1/../../../../arm-none-eabi/lib/thumb/v7e-m/fpv4-sp/hard\libc_nano.a(lib_a-memset.o)
                              c:/st/stm32cubeide_1.4.0/stm32cubeide/plugins/com.st.stm32cube.ide.mcu.externaltools.gnu-tools-for-stm32.7-2018-q2-update.win32_1.4.0.202007081208/tools/bin/../lib/gcc/arm-none-eabi/7.3.1/../../../../arm-none-eabi/lib/thumb/v7e-m/fpv4-sp/hard/crt0.o (memset)
c:/st/stm32cubeide_1.4.0/stm32cubeide/plugins/com.st.stm32cube.ide.mcu.externaltools.gnu-tools-for-stm32.7-2018-q2-update.win32_1.4.0.202007081208/tools/bin/../lib/gcc/arm-none-eabi/7.3.1/../../../../arm-none-eabi/lib/thumb/v7e-m/fpv4-sp/hard\libc_nano.a(lib_a-printf.o)
                              Middlewares/ST/STM32_USB_Device_Library/Core/Src/usbd_core.o (printf)
c:/st/stm32cubeide_1.4.0/stm32cubeide/plugins/com.st.stm32cube.ide.mcu.externaltools.gnu-tools-for-stm32.7-2018-q2-update.win32_1.4.0.202007081208/tools/bin/../lib/gcc/arm-none-eabi/7.3.1/../../../../arm-none-eabi/lib/thumb/v7e-m/fpv4-sp/hard\libc_nano.a(lib_a-putchar.o)
                              Middlewares/ST/STM32_USB_Device_Library/Core/Src/usbd_core.o (putchar)
c:/st/stm32cubeide_1.4.0/stm32cubeide/plugins/com.st.stm32cube.ide.mcu.externaltools.gnu-tools-for-stm32.7-2018-q2-update.win32_1.4.0.202007081208/tools/bin/../lib/gcc/arm-none-eabi/7.3.1/../../../../arm-none-eabi/lib/thumb/v7e-m/fpv4-sp/hard\libc_nano.a(lib_a-findfp.o)
                              c:/st/stm32cubeide_1.4.0/stm32cubeide/plugins/com.st.stm32cube.ide.mcu.externaltools.gnu-tools-for-stm32.7-2018-q2-update.win32_1.4.0.202007081208/tools/bin/../lib/gcc/arm-none-eabi/7.3.1/../../../../arm-none-eabi/lib/thumb/v7e-m/fpv4-sp/hard\libc_nano.a(lib_a-printf.o) (__sinit)
c:/st/stm32cubeide_1.4.0/stm32cubeide/plugins/com.st.stm32cube.ide.mcu.externaltools.gnu-tools-for-stm32.7-2018-q2-update.win32_1.4.0.202007081208/tools/bin/../lib/gcc/arm-none-eabi/7.3.1/../../../../arm-none-eabi/lib/thumb/v7e-m/fpv4-sp/hard\libc_nano.a(lib_a-fwalk.o)
                              c:/st/stm32cubeide_1.4.0/stm32cubeide/plugins/com.st.stm32cube.ide.mcu.externaltools.gnu-tools-for-stm32.7-2018-q2-update.win32_1.4.0.202007081208/tools/bin/../lib/gcc/arm-none-eabi/7.3.1/../../../../arm-none-eabi/lib/thumb/v7e-m/fpv4-sp/hard\libc_nano.a(lib_a-findfp.o) (_fwalk)
c:/st/stm32cubeide_1.4.0/stm32cubeide/plugins/com.st.stm32cube.ide.mcu.externaltools.gnu-tools-for-stm32.7-2018-q2-update.win32_1.4.0.202007081208/tools/bin/../lib/gcc/arm-none-eabi/7.3.1/../../../../arm-none-eabi/lib/thumb/v7e-m/fpv4-sp/hard\libc_nano.a(lib_a-nano-mallocr.o)
[...]
Memory Configuration

Name             Origin             Length             Attributes
RAM              0x0000000020000000 0x0000000000040000 xrw
FLASH            0x0000000008000000 0x0000000000010000 xr
*default*        0x0000000000000000 0xffffffffffffffff

Linker script and memory map

LOAD c:/st/stm32cubeide_1.4.0/stm32cubeide/plugins/com.st.stm32cube.ide.mcu.externaltools.gnu-tools-for-stm32.7-2018-q2-update.win32_1.4.0.202007081208/tools/bin/../lib/gcc/arm-none-eabi/7.3.1/thumb/v7e-m/fpv4-sp/hard/crti.o
LOAD c:/st/stm32cubeide_1.4.0/stm32cubeide/plugins/com.st.stm32cube.ide.mcu.externaltools.gnu-tools-for-stm32.7-2018-q2-update.win32_1.4.0.202007081208/tools/bin/../lib/gcc/arm-none-eabi/7.3.1/thumb/v7e-m/fpv4-sp/hard/crtbegin.o
LOAD c:/st/stm32cubeide_1.4.0/stm32cubeide/plugins/com.st.stm32cube.ide.mcu.externaltools.gnu-tools-for-stm32.7-2018-q2-update.win32_1.4.0.202007081208/tools/bin/../lib/gcc/arm-none-eabi/7.3.1/../../../../arm-none-eabi/lib/thumb/v7e-m/fpv4-sp/hard/crt0.o
LOAD Core/Src/main.o
LOAD Core/Src/stm32f7xx_hal_msp.o
LOAD Core/Src/stm32f7xx_it.o
LOAD Core/Src/syscalls.o
LOAD Core/Src/sysmem.o
LOAD Core/Src/system_stm32f7xx.o
LOAD Core/Src/usbd_conf.o
LOAD Core/Src/usbd_desc.o
LOAD Core/Src/usbd_i2s_to_usb.o
LOAD Core/Src/usbd_pcd.o
LOAD Core/Startup/startup_stm32f730r8tx.o
LOAD Drivers/STM32F7xx_HAL_Driver/Src/stm32f7xx_hal.o
LOAD Drivers/STM32F7xx_HAL_Driver/Src/stm32f7xx_hal_cortex.o
LOAD Drivers/STM32F7xx_HAL_Driver/Src/stm32f7xx_hal_dma.o
LOAD Drivers/STM32F7xx_HAL_Driver/Src/stm32f7xx_hal_dma_ex.o
LOAD Drivers/STM32F7xx_HAL_Driver/Src/stm32f7xx_hal_exti.o
LOAD Drivers/STM32F7xx_HAL_Driver/Src/stm32f7xx_hal_flash.o
LOAD Drivers/STM32F7xx_HAL_Driver/Src/stm32f7xx_hal_flash_ex.o
LOAD Drivers/STM32F7xx_HAL_Driver/Src/stm32f7xx_hal_gpio.o
LOAD Drivers/STM32F7xx_HAL_Driver/Src/stm32f7xx_hal_i2c.o
LOAD Drivers/STM32F7xx_HAL_Driver/Src/stm32f7xx_hal_i2c_ex.o
LOAD Drivers/STM32F7xx_HAL_Driver/Src/stm32f7xx_hal_i2s.o
LOAD Drivers/STM32F7xx_HAL_Driver/Src/stm32f7xx_hal_pcd.o
LOAD Drivers/STM32F7xx_HAL_Driver/Src/stm32f7xx_hal_pcd_ex.o
LOAD Drivers/STM32F7xx_HAL_Driver/Src/stm32f7xx_hal_pwr.o
LOAD Drivers/STM32F7xx_HAL_Driver/Src/stm32f7xx_hal_pwr_ex.o
LOAD Drivers/STM32F7xx_HAL_Driver/Src/stm32f7xx_hal_rcc.o
LOAD Drivers/STM32F7xx_HAL_Driver/Src/stm32f7xx_hal_rcc_ex.o
LOAD Drivers/STM32F7xx_HAL_Driver/Src/stm32f7xx_hal_tim.o
LOAD Drivers/STM32F7xx_HAL_Driver/Src/stm32f7xx_hal_tim_ex.o
LOAD Drivers/STM32F7xx_HAL_Driver/Src/stm32f7xx_hal_uart.o
LOAD Drivers/STM32F7xx_HAL_Driver/Src/stm32f7xx_hal_uart_ex.o
LOAD Drivers/STM32F7xx_HAL_Driver/Src/stm32f7xx_ll_usb.o
LOAD Middlewares/ST/STM32_USB_Device_Library/Core/Src/usbd_core.o
LOAD Middlewares/ST/STM32_USB_Device_Library/Core/Src/usbd_ctlreq.o
LOAD Middlewares/ST/STM32_USB_Device_Library/Core/Src/usbd_ioreq.o
START GROUP
LOAD c:/st/stm32cubeide_1.4.0/stm32cubeide/plugins/com.st.stm32cube.ide.mcu.externaltools.gnu-tools-for-stm32.7-2018-q2-update.win32_1.4.0.202007081208/tools/bin/../lib/gcc/arm-none-eabi/7.3.1/../../../../arm-none-eabi/lib/thumb/v7e-m/fpv4-sp/hard\libc_nano.a
LOAD c:/st/stm32cubeide_1.4.0/stm32cubeide/plugins/com.st.stm32cube.ide.mcu.externaltools.gnu-tools-for-stm32.7-2018-q2-update.win32_1.4.0.202007081208/tools/bin/../lib/gcc/arm-none-eabi/7.3.1/../../../../arm-none-eabi/lib/thumb/v7e-m/fpv4-sp/hard\libm.a
END GROUP
START GROUP
LOAD c:/st/stm32cubeide_1.4.0/stm32cubeide/plugins/com.st.stm32cube.ide.mcu.externaltools.gnu-tools-for-stm32.7-2018-q2-update.win32_1.4.0.202007081208/tools/bin/../lib/gcc/arm-none-eabi/7.3.1/thumb/v7e-m/fpv4-sp/hard\libgcc.a
LOAD c:/st/stm32cubeide_1.4.0/stm32cubeide/plugins/com.st.stm32cube.ide.mcu.externaltools.gnu-tools-for-stm32.7-2018-q2-update.win32_1.4.0.202007081208/tools/bin/../lib/gcc/arm-none-eabi/7.3.1/../../../../arm-none-eabi/lib/thumb/v7e-m/fpv4-sp/hard\libc_nano.a
END GROUP
START GROUP
LOAD c:/st/stm32cubeide_1.4.0/stm32cubeide/plugins/com.st.stm32cube.ide.mcu.externaltools.gnu-tools-for-stm32.7-2018-q2-update.win32_1.4.0.202007081208/tools/bin/../lib/gcc/arm-none-eabi/7.3.1/thumb/v7e-m/fpv4-sp/hard\libgcc.a
LOAD c:/st/stm32cubeide_1.4.0/stm32cubeide/plugins/com.st.stm32cube.ide.mcu.externaltools.gnu-tools-for-stm32.7-2018-q2-update.win32_1.4.0.202007081208/tools/bin/../lib/gcc/arm-none-eabi/7.3.1/../../../../arm-none-eabi/lib/thumb/v7e-m/fpv4-sp/hard\libc_nano.a
LOAD c:/st/stm32cubeide_1.4.0/stm32cubeide/plugins/com.st.stm32cube.ide.mcu.externaltools.gnu-tools-for-stm32.7-2018-q2-update.win32_1.4.0.202007081208/tools/bin/../lib/gcc/arm-none-eabi/7.3.1/../../../../arm-none-eabi/lib/thumb/v7e-m/fpv4-sp/hard\libnosys.a
END GROUP
START GROUP
LOAD c:/st/stm32cubeide_1.4.0/stm32cubeide/plugins/com.st.stm32cube.ide.mcu.externaltools.gnu-tools-for-stm32.7-2018-q2-update.win32_1.4.0.202007081208/tools/bin/../lib/gcc/arm-none-eabi/7.3.1/thumb/v7e-m/fpv4-sp/hard\libgcc.a
LOAD c:/st/stm32cubeide_1.4.0/stm32cubeide/plugins/com.st.stm32cube.ide.mcu.externaltools.gnu-tools-for-stm32.7-2018-q2-update.win32_1.4.0.202007081208/tools/bin/../lib/gcc/arm-none-eabi/7.3.1/../../../../arm-none-eabi/lib/thumb/v7e-m/fpv4-sp/hard\libc_nano.a
LOAD c:/st/stm32cubeide_1.4.0/stm32cubeide/plugins/com.st.stm32cube.ide.mcu.externaltools.gnu-tools-for-stm32.7-2018-q2-update.win32_1.4.0.202007081208/tools/bin/../lib/gcc/arm-none-eabi/7.3.1/../../../../arm-none-eabi/lib/thumb/v7e-m/fpv4-sp/hard\libnosys.a
END GROUP
LOAD c:/st/stm32cubeide_1.4.0/stm32cubeide/plugins/com.st.stm32cube.ide.mcu.externaltools.gnu-tools-for-stm32.7-2018-q2-update.win32_1.4.0.202007081208/tools/bin/../lib/gcc/arm-none-eabi/7.3.1/thumb/v7e-m/fpv4-sp/hard/crtend.o
LOAD c:/st/stm32cubeide_1.4.0/stm32cubeide/plugins/com.st.stm32cube.ide.mcu.externaltools.gnu-tools-for-stm32.7-2018-q2-update.win32_1.4.0.202007081208/tools/bin/../lib/gcc/arm-none-eabi/7.3.1/thumb/v7e-m/fpv4-sp/hard/crtn.o
                0x0000000020040000                _estack = (ORIGIN (RAM) + LENGTH (RAM))
                0x0000000000000200                _Min_Heap_Size = 0x200
                0x0000000000000400                _Min_Stack_Size = 0x400

.isr_vector     0x0000000008000000      0x1e0
                0x0000000008000000                . = ALIGN (0x4)
 *(.isr_vector)
 .isr_vector    0x0000000008000000      0x1e0 Core/Startup/startup_stm32f730r8tx.o
                0x0000000008000000                g_pfnVectors
                0x00000000080001e0                . = ALIGN (0x4)

.text           0x00000000080001e0     0x4ba0
                0x00000000080001e0                . = ALIGN (0x4)
 *(.text)
 .text          0x00000000080001e0       0x40 c:/st/stm32cubeide_1.4.0/stm32cubeide/plugins/com.st.stm32cube.ide.mcu.externaltools.gnu-tools-for-stm32.7-2018-q2-update.win32_1.4.0.202007081208/tools/bin/../lib/gcc/arm-none-eabi/7.3.1/thumb/v7e-m/fpv4-sp/hard/crtbegin.o
 .text          0x0000000008000220       0xa0 c:/st/stm32cubeide_1.4.0/stm32cubeide/plugins/com.st.stm32cube.ide.mcu.externaltools.gnu-tools-for-stm32.7-2018-q2-update.win32_1.4.0.202007081208/tools/bin/../lib/gcc/arm-none-eabi/7.3.1/../../../../arm-none-eabi/lib/thumb/v7e-m/fpv4-sp/hard\libc_nano.a(lib_a-memchr.o)
                0x0000000008000220                memchr
 .text          0x00000000080002c0       0x30 c:/st/stm32cubeide_1.4.0/stm32cubeide/plugins/com.st.stm32cube.ide.mcu.externaltools.gnu-tools-for-stm32.7-2018-q2-update.win32_1.4.0.202007081208/tools/bin/../lib/gcc/arm-none-eabi/7.3.1/thumb/v7e-m/fpv4-sp/hard\libgcc.a(_aeabi_uldivmod.o)
                0x00000000080002c0                __aeabi_uldivmod
 .text          0x00000000080002f0      0x2cc c:/st/stm32cubeide_1.4.0/stm32cubeide/plugins/com.st.stm32cube.ide.mcu.externaltools.gnu-tools-for-stm32.7-2018-q2-update.win32_1.4.0.202007081208/tools/bin/../lib/gcc/arm-none-eabi/7.3.1/thumb/v7e-m/fpv4-sp/hard\libgcc.a(_udivmoddi4.o)
                0x00000000080002f0                __udivmoddi4
 .text          0x00000000080005bc        0x4 c:/st/stm32cubeide_1.4.0/stm32cubeide/plugins/com.st.stm32cube.ide.mcu.externaltools.gnu-tools-for-stm32.7-2018-q2-update.win32_1.4.0.202007081208/tools/bin/../lib/gcc/arm-none-eabi/7.3.1/thumb/v7e-m/fpv4-sp/hard\libgcc.a(_dvmd_tls.o)
                0x00000000080005bc                __aeabi_idiv0
                0x00000000080005bc                __aeabi_ldiv0
 *(.text*)
 .text.SystemClock_Config
                0x00000000080005c0       0xc0 Core/Src/main.o
                0x00000000080005c0                SystemClock_Config
 .text.startup.main
                0x0000000008000680      0x170 Core/Src/main.o
                0x0000000008000680                main
 .text.Error_Handler
                0x00000000080007f0        0x2 Core/Src/main.o
                0x00000000080007f0                Error_Handler
 *fill*         0x00000000080007f2        0x2 
 .text.HAL_MspInit
                0x00000000080007f4       0x30 Core/Src/stm32f7xx_hal_msp.o
                0x00000000080007f4                HAL_MspInit
 .text.HAL_I2S_MspInit
                0x0000000008000824       0xc0 Core/Src/stm32f7xx_hal_msp.o
                0x0000000008000824                HAL_I2S_MspInit
 .text.HAL_UART_MspInit
                0x00000000080008e4       0x64 Core/Src/stm32f7xx_hal_msp.o
                0x00000000080008e4                HAL_UART_MspInit
 .text.HAL_PCD_MspInit
                0x0000000008000948       0x98 Core/Src/stm32f7xx_hal_msp.o
                0x0000000008000948                HAL_PCD_MspInit
 .text.NMI_Handler
                0x00000000080009e0        0x2 Core/Src/stm32f7xx_it.o
                0x00000000080009e0                NMI_Handler
 .text.HardFault_Handler
                0x00000000080009e2        0x2 Core/Src/stm32f7xx_it.o
                0x00000000080009e2                HardFault_Handler
 .text.MemManage_Handler
                0x00000000080009e4        0x2 Core/Src/stm32f7xx_it.o
                0x00000000080009e4                MemManage_Handler
 .text.BusFault_Handler
                0x00000000080009e6        0x2 Core/Src/stm32f7xx_it.o
                0x00000000080009e6                BusFault_Handler
 .text.UsageFault_Handler
                0x00000000080009e8        0x2 Core/Src/stm32f7xx_it.o
                0x00000000080009e8                UsageFault_Handler
 .text.SVC_Handler
                0x00000000080009ea        0x2 Core/Src/stm32f7xx_it.o
                0x00000000080009ea                SVC_Handler
 .text.DebugMon_Handler
                0x00000000080009ec        0x2 Core/Src/stm32f7xx_it.o
                0x00000000080009ec                DebugMon_Handler
 .text.PendSV_Handler
                0x00000000080009ee        0x2 Core/Src/stm32f7xx_it.o
                0x00000000080009ee                PendSV_Handler
 .text.SysTick_Handler
                0x00000000080009f0        0x4 Core/Src/stm32f7xx_it.o
                0x00000000080009f0                SysTick_Handler
 .text.DMA1_Stream3_IRQHandler
                0x00000000080009f4        0xc Core/Src/stm32f7xx_it.o
                0x00000000080009f4                DMA1_Stream3_IRQHandler
 .text.OTG_FS_IRQHandler
                0x0000000008000a00        0xc Core/Src/stm32f7xx_it.o
                0x0000000008000a00                OTG_FS_IRQHandler
 .text._read    0x0000000008000a0c       0x1c Core/Src/syscalls.o
                0x0000000008000a0c                _read
 .text._write   0x0000000008000a28       0x1c Core/Src/syscalls.o
                0x0000000008000a28                _write
 .text._close   0x0000000008000a44        0x6 Core/Src/syscalls.o
                0x0000000008000a44                _close
 .text._fstat   0x0000000008000a4a        0xa Core/Src/syscalls.o
                0x0000000008000a4a                _fstat
 .text._isatty  0x0000000008000a54        0x4 Core/Src/syscalls.o
                0x0000000008000a54                _isatty
 .text._lseek   0x0000000008000a58        0x4 Core/Src/syscalls.o
                0x0000000008000a58                _lseek
 .text._sbrk    0x0000000008000a5c       0x40 Core/Src/sysmem.o
                0x0000000008000a5c                _sbrk
 .text.SystemInit
                0x0000000008000a9c       0x1c Core/Src/system_stm32f7xx.o
                0x0000000008000a9c                SystemInit
 .text.USBD_Get_USB_Status
                0x0000000008000ab8        0xc Core/Src/usbd_conf.o
 .text.USBD_LL_Init
                0x0000000008000ac4       0x34 Core/Src/usbd_conf.o
                0x0000000008000ac4                USBD_LL_Init
 .text.USBD_LL_Start
                0x0000000008000af8       0x12 Core/Src/usbd_conf.o
                0x0000000008000af8                USBD_LL_Start
 .text.USBD_LL_OpenEP
                0x0000000008000b0a       0x24 Core/Src/usbd_conf.o
                0x0000000008000b0a                USBD_LL_OpenEP
 .text.USBD_LL_StallEP
                0x0000000008000b2e       0x12 Core/Src/usbd_conf.o
                0x0000000008000b2e                USBD_LL_StallEP
 .text.USBD_LL_ClearStallEP
                0x0000000008000b40       0x12 Core/Src/usbd_conf.o
                0x0000000008000b40                USBD_LL_ClearStallEP
 .text.USBD_LL_IsStallEP
                0x0000000008000b52       0x26 Core/Src/usbd_conf.o
                0x0000000008000b52                USBD_LL_IsStallEP
 .text.USBD_LL_SetUSBAddress
                0x0000000008000b78       0x12 Core/Src/usbd_conf.o
                0x0000000008000b78                USBD_LL_SetUSBAddress
 .text.USBD_LL_Transmit
                0x0000000008000b8a       0x12 Core/Src/usbd_conf.o
                0x0000000008000b8a                USBD_LL_Transmit
 .text.USBD_LL_PrepareReceive
                0x0000000008000b9c       0x12 Core/Src/usbd_conf.o
                0x0000000008000b9c                USBD_LL_PrepareReceive
 *fill*         0x0000000008000bae        0x2 
 .text.USBD_Class_DeviceDescriptor
                0x0000000008000bb0        0xc Core/Src/usbd_desc.o
                0x0000000008000bb0                USBD_Class_DeviceDescriptor
 .text.USBD_Class_LangIDStrDescriptor
                0x0000000008000bbc        0xc Core/Src/usbd_desc.o
                0x0000000008000bbc                USBD_Class_LangIDStrDescriptor
 .text.IntToUnicode
                0x0000000008000bc8       0x28 Core/Src/usbd_desc.o
 .text.USBD_Class_SerialStrDescriptor
                0x0000000008000bf0       0x40 Core/Src/usbd_desc.o
                0x0000000008000bf0                USBD_Class_SerialStrDescriptor
 .text.USBD_Class_ManufacturerStrDescriptor
                0x0000000008000c30       0x1c Core/Src/usbd_desc.o
                0x0000000008000c30                USBD_Class_ManufacturerStrDescriptor
 .text.USBD_Class_ProductStrDescriptor
                0x0000000008000c4c       0x24 Core/Src/usbd_desc.o
                0x0000000008000c4c                USBD_Class_ProductStrDescriptor
 .text.USBD_Class_ConfigStrDescriptor
                0x0000000008000c70       0x24 Core/Src/usbd_desc.o
                0x0000000008000c70                USBD_Class_ConfigStrDescriptor
 .text.USBD_Class_InterfaceStrDescriptor
                0x0000000008000c94       0x24 Core/Src/usbd_desc.o
                0x0000000008000c94                USBD_Class_InterfaceStrDescriptor
 .text.USBD_TEMPLATE_Init
                0x0000000008000cb8        0x4 Core/Src/usbd_i2s_to_usb.o
 .text.USBD_TEMPLATE_GetCfgDesc
                0x0000000008000cbc        0xc Core/Src/usbd_i2s_to_usb.o
 .text.USBD_TEMPLATE_EP0_RxReady
                0x0000000008000cc8        0x4 Core/Src/usbd_i2s_to_usb.o
 .text.USBD_TEMPLATE_GetDeviceQualifierDesc
                0x0000000008000ccc        0xc Core/Src/usbd_i2s_to_usb.o
 .text.USBD_TEMPLATE_Setup
                0x0000000008000cd8        0xa Core/Src/usbd_i2s_to_usb.o
 .text.USBD_TEMPLATE_IsoOutIncomplete
                0x0000000008000ce2        0x4 Core/Src/usbd_i2s_to_usb.o
 .text.USBD_TEMPLATE_DataOut
                0x0000000008000ce6        0x4 Core/Src/usbd_i2s_to_usb.o
 .text.USBD_TEMPLATE_DeInit
                0x0000000008000cea        0x4 Core/Src/usbd_i2s_to_usb.o
 .text.USBD_TEMPLATE_DataIn
                0x0000000008000cee        0x4 Core/Src/usbd_i2s_to_usb.o
 .text.USBD_TEMPLATE_IsoINIncomplete
                0x0000000008000cf2        0x4 Core/Src/usbd_i2s_to_usb.o
 .text.USBD_TEMPLATE_EP0_TxReady
                0x0000000008000cf6        0x4 Core/Src/usbd_i2s_to_usb.o
 .text.USBD_TEMPLATE_SOF
                0x0000000008000cfa        0x4 Core/Src/usbd_i2s_to_usb.o
 .text.HAL_PCD_DataOutStageCallback
                0x0000000008000cfe       0x12 Core/Src/usbd_pcd.o
                0x0000000008000cfe                HAL_PCD_DataOutStageCallback
 .text.HAL_PCD_DataInStageCallback
                0x0000000008000d10       0x10 Core/Src/usbd_pcd.o
                0x0000000008000d10                HAL_PCD_DataInStageCallback
 .text.HAL_PCD_SetupStageCallback
                0x0000000008000d20        0xc Core/Src/usbd_pcd.o
                0x0000000008000d20                HAL_PCD_SetupStageCallback
 .text.HAL_PCD_SOFCallback
                0x0000000008000d2c        0x8 Core/Src/usbd_pcd.o
                0x0000000008000d2c                HAL_PCD_SOFCallback
 .text.HAL_PCD_ResetCallback
                0x0000000008000d34       0x1a Core/Src/usbd_pcd.o
                0x0000000008000d34                HAL_PCD_ResetCallback
 .text.HAL_PCD_SuspendCallback
                0x0000000008000d4e        0x8 Core/Src/usbd_pcd.o
                0x0000000008000d4e                HAL_PCD_SuspendCallback
 .text.HAL_PCD_ResumeCallback
                0x0000000008000d56        0x8 Core/Src/usbd_pcd.o
                0x0000000008000d56                HAL_PCD_ResumeCallback
 .text.HAL_PCD_ISOOUTIncompleteCallback
                0x0000000008000d5e        0x8 Core/Src/usbd_pcd.o
                0x0000000008000d5e                HAL_PCD_ISOOUTIncompleteCallback
 .text.HAL_PCD_ISOINIncompleteCallback
                0x0000000008000d66        0x8 Core/Src/usbd_pcd.o
                0x0000000008000d66                HAL_PCD_ISOINIncompleteCallback
 .text.HAL_PCD_ConnectCallback
                0x0000000008000d6e        0x8 Core/Src/usbd_pcd.o
                0x0000000008000d6e                HAL_PCD_ConnectCallback
 .text.HAL_PCD_DisconnectCallback
                0x0000000008000d76        0x8 Core/Src/usbd_pcd.o
                0x0000000008000d76                HAL_PCD_DisconnectCallback
 *fill*         0x0000000008000d7e        0x2 
 .text.Reset_Handler
                0x0000000008000d80       0x50 Core/Startup/startup_stm32f730r8tx.o
                0x0000000008000d80                Reset_Handler
 .text.Default_Handler
                0x0000000008000dd0        0x2 Core/Startup/startup_stm32f730r8tx.o
                0x0000000008000dd0                RTC_Alarm_IRQHandler
                0x0000000008000dd0                EXTI2_IRQHandler
                0x0000000008000dd0                TIM8_CC_IRQHandler
                0x0000000008000dd0                UART8_IRQHandler
                0x0000000008000dd0                SPI4_IRQHandler
                0x0000000008000dd0                TIM1_CC_IRQHandler
                0x0000000008000dd0                DMA2_Stream5_IRQHandler
                0x0000000008000dd0                DMA1_Stream5_IRQHandler
                0x0000000008000dd0                PVD_IRQHandler
                0x0000000008000dd0                TAMP_STAMP_IRQHandler
                0x0000000008000dd0                EXTI3_IRQHandler
                0x0000000008000dd0                TIM8_TRG_COM_TIM14_IRQHandler
                0x0000000008000dd0                TIM1_UP_TIM10_IRQHandler
                0x0000000008000dd0                TIM8_UP_TIM13_IRQHandler
                0x0000000008000dd0                I2C3_ER_IRQHandler
                0x0000000008000dd0                EXTI0_IRQHandler
                0x0000000008000dd0                I2C2_EV_IRQHandler
                0x0000000008000dd0                DMA1_Stream2_IRQHandler
                0x0000000008000dd0                CAN1_RX0_IRQHandler
                0x0000000008000dd0                FPU_IRQHandler
                0x0000000008000dd0                OTG_HS_WKUP_IRQHandler
                0x0000000008000dd0                DMA2_Stream2_IRQHandler
                0x0000000008000dd0                SPI1_IRQHandler
                0x0000000008000dd0                TIM6_DAC_IRQHandler
                0x0000000008000dd0                TIM1_BRK_TIM9_IRQHandler
                0x0000000008000dd0                DMA2_Stream3_IRQHandler
                0x0000000008000dd0                SAI2_IRQHandler
                0x0000000008000dd0                USART6_IRQHandler
                0x0000000008000dd0                USART3_IRQHandler
                0x0000000008000dd0                CAN1_RX1_IRQHandler
                0x0000000008000dd0                UART5_IRQHandler
                0x0000000008000dd0                DMA2_Stream0_IRQHandler
                0x0000000008000dd0                TIM4_IRQHandler
                0x0000000008000dd0                QUADSPI_IRQHandler
                0x0000000008000dd0                I2C1_EV_IRQHandler
                0x0000000008000dd0                DMA1_Stream6_IRQHandler
                0x0000000008000dd0                DMA1_Stream1_IRQHandler
                0x0000000008000dd0                UART4_IRQHandler
                0x0000000008000dd0                TIM3_IRQHandler
                0x0000000008000dd0                RCC_IRQHandler
                0x0000000008000dd0                TIM8_BRK_TIM12_IRQHandler
                0x0000000008000dd0                Default_Handler
                0x0000000008000dd0                EXTI15_10_IRQHandler
                0x0000000008000dd0                ADC_IRQHandler
                0x0000000008000dd0                DMA1_Stream7_IRQHandler
                0x0000000008000dd0                SPI5_IRQHandler
                0x0000000008000dd0                TIM7_IRQHandler
                0x0000000008000dd0                SDMMC1_IRQHandler
                0x0000000008000dd0                TIM5_IRQHandler
                0x0000000008000dd0                DMA2_Stream7_IRQHandler
                0x0000000008000dd0                I2C3_EV_IRQHandler
                0x0000000008000dd0                EXTI9_5_IRQHandler
                0x0000000008000dd0                RTC_WKUP_IRQHandler
                0x0000000008000dd0                SPI2_IRQHandler
                0x0000000008000dd0                OTG_HS_EP1_IN_IRQHandler
                0x0000000008000dd0                DMA1_Stream0_IRQHandler
                0x0000000008000dd0                CAN1_TX_IRQHandler
                0x0000000008000dd0                EXTI4_IRQHandler
                0x0000000008000dd0                RNG_IRQHandler
                0x0000000008000dd0                OTG_HS_EP1_OUT_IRQHandler
                0x0000000008000dd0                WWDG_IRQHandler
                0x0000000008000dd0                TIM2_IRQHandler
                0x0000000008000dd0                OTG_FS_WKUP_IRQHandler
                0x0000000008000dd0                TIM1_TRG_COM_TIM11_IRQHandler
                0x0000000008000dd0                OTG_HS_IRQHandler
                0x0000000008000dd0                EXTI1_IRQHandler
                0x0000000008000dd0                SDMMC2_IRQHandler
                0x0000000008000dd0                AES_IRQHandler
                0x0000000008000dd0                UART7_IRQHandler
                0x0000000008000dd0                USART2_IRQHandler
                0x0000000008000dd0                I2C2_ER_IRQHandler
                0x0000000008000dd0                DMA2_Stream1_IRQHandler
                0x0000000008000dd0                CAN1_SCE_IRQHandler
                0x0000000008000dd0                FLASH_IRQHandler
                0x0000000008000dd0                DMA2_Stream4_IRQHandler
                0x0000000008000dd0                USART1_IRQHandler
                0x0000000008000dd0                SPI3_IRQHandler
                0x0000000008000dd0                DMA1_Stream4_IRQHandler
                0x0000000008000dd0                I2C1_ER_IRQHandler
                0x0000000008000dd0                FMC_IRQHandler
                0x0000000008000dd0                LPTIM1_IRQHandler
                0x0000000008000dd0                DMA2_Stream6_IRQHandler
                0x0000000008000dd0                SAI1_IRQHandler
 *fill*         0x0000000008000dd2        0x2 
 .text.HAL_InitTick
                0x0000000008000dd4       0x48 Drivers/STM32F7xx_HAL_Driver/Src/stm32f7xx_hal.o
                0x0000000008000dd4                HAL_InitTick
 .text.HAL_Init
                0x0000000008000e1c       0x16 Drivers/STM32F7xx_HAL_Driver/Src/stm32f7xx_hal.o
                0x0000000008000e1c                HAL_Init
 *fill*         0x0000000008000e32        0x2 
 .text.HAL_IncTick
                0x0000000008000e34       0x18 Drivers/STM32F7xx_HAL_Driver/Src/stm32f7xx_hal.o
                0x0000000008000e34                HAL_IncTick
 .text.HAL_GetTick
                0x0000000008000e4c        0xc Drivers/STM32F7xx_HAL_Driver/Src/stm32f7xx_hal.o
                0x0000000008000e4c                HAL_GetTick
 .text.HAL_Delay
                0x0000000008000e58       0x24 Drivers/STM32F7xx_HAL_Driver/Src/stm32f7xx_hal.o
                0x0000000008000e58                HAL_Delay
 .text.HAL_NVIC_SetPriorityGrouping
                0x0000000008000e7c       0x24 Drivers/STM32F7xx_HAL_Driver/Src/stm32f7xx_hal_cortex.o
                0x0000000008000e7c                HAL_NVIC_SetPriorityGrouping
 .text.HAL_NVIC_SetPriority
                0x0000000008000ea0       0x64 Drivers/STM32F7xx_HAL_Driver/Src/stm32f7xx_hal_cortex.o
                0x0000000008000ea0                HAL_NVIC_SetPriority
 .text.HAL_NVIC_EnableIRQ
                0x0000000008000f04       0x1c Drivers/STM32F7xx_HAL_Driver/Src/stm32f7xx_hal_cortex.o
                0x0000000008000f04                HAL_NVIC_EnableIRQ
 .text.HAL_SYSTICK_Config
                0x0000000008000f20       0x2c Drivers/STM32F7xx_HAL_Driver/Src/stm32f7xx_hal_cortex.o
                0x0000000008000f20                HAL_SYSTICK_Config
 .text.DMA_CalcBaseAndBitshift
                0x0000000008000f4c       0x2c Drivers/STM32F7xx_HAL_Driver/Src/stm32f7xx_hal_dma.o
 .text.HAL_DMA_Init
                0x0000000008000f78       0xfc Drivers/STM32F7xx_HAL_Driver/Src/stm32f7xx_hal_dma.o
                0x0000000008000f78                HAL_DMA_Init
 .text.HAL_DMA_IRQHandler
                0x0000000008001074      0x17c Drivers/STM32F7xx_HAL_Driver/Src/stm32f7xx_hal_dma.o
                0x0000000008001074                HAL_DMA_IRQHandler
 .text.HAL_GPIO_Init
                0x00000000080011f0      0x1b8 Drivers/STM32F7xx_HAL_Driver/Src/stm32f7xx_hal_gpio.o
                0x00000000080011f0                HAL_GPIO_Init
 .text.HAL_GPIO_WritePin
                0x00000000080013a8        0xa Drivers/STM32F7xx_HAL_Driver/Src/stm32f7xx_hal_gpio.o
                0x00000000080013a8                HAL_GPIO_WritePin
 *fill*         0x00000000080013b2        0x2 
 .text.HAL_I2S_Init
                0x00000000080013b4      0x130 Drivers/STM32F7xx_HAL_Driver/Src/stm32f7xx_hal_i2s.o
                0x00000000080013b4                HAL_I2S_Init
 .text.HAL_PCD_Init
                0x00000000080014e4      0x116 Drivers/STM32F7xx_HAL_Driver/Src/stm32f7xx_hal_pcd.o
                0x00000000080014e4                HAL_PCD_Init
 .text.HAL_PCD_Start
                0x00000000080015fa       0x2a Drivers/STM32F7xx_HAL_Driver/Src/stm32f7xx_hal_pcd.o
                0x00000000080015fa                HAL_PCD_Start
 .text.HAL_PCD_IRQHandler
                0x0000000008001624      0x5b0 Drivers/STM32F7xx_HAL_Driver/Src/stm32f7xx_hal_pcd.o
                0x0000000008001624                HAL_PCD_IRQHandler
 .text.HAL_PCD_SetAddress
                0x0000000008001bd4       0x28 Drivers/STM32F7xx_HAL_Driver/Src/stm32f7xx_hal_pcd.o
                0x0000000008001bd4                HAL_PCD_SetAddress
 .text.HAL_PCD_EP_Close
                0x0000000008001bfc       0x5e Drivers/STM32F7xx_HAL_Driver/Src/stm32f7xx_hal_pcd.o
                0x0000000008001bfc                HAL_PCD_EP_Close
 .text.HAL_PCD_EP_Receive
                0x0000000008001c5a       0x48 Drivers/STM32F7xx_HAL_Driver/Src/stm32f7xx_hal_pcd.o
                0x0000000008001c5a                HAL_PCD_EP_Receive
 .text.HAL_PCD_EP_Transmit
                0x0000000008001ca2       0x40 Drivers/STM32F7xx_HAL_Driver/Src/stm32f7xx_hal_pcd.o
                0x0000000008001ca2                HAL_PCD_EP_Transmit
 .text.HAL_PCD_EP_SetStall
                0x0000000008001ce2       0x74 Drivers/STM32F7xx_HAL_Driver/Src/stm32f7xx_hal_pcd.o
                0x0000000008001ce2                HAL_PCD_EP_SetStall
 .text.HAL_PCD_EP_ClrStall
                0x0000000008001d56       0x6c Drivers/STM32F7xx_HAL_Driver/Src/stm32f7xx_hal_pcd.o
                0x0000000008001d56                HAL_PCD_EP_ClrStall
 .text.HAL_PCDEx_SetTxFiFo
                0x0000000008001dc2       0x40 Drivers/STM32F7xx_HAL_Driver/Src/stm32f7xx_hal_pcd_ex.o
                0x0000000008001dc2                HAL_PCDEx_SetTxFiFo
 .text.HAL_PCDEx_SetRxFiFo
                0x0000000008001e02        0x8 Drivers/STM32F7xx_HAL_Driver/Src/stm32f7xx_hal_pcd_ex.o
                0x0000000008001e02                HAL_PCDEx_SetRxFiFo
 .text.HAL_PCDEx_ActivateLPM
                0x0000000008001e0a       0x26 Drivers/STM32F7xx_HAL_Driver/Src/stm32f7xx_hal_pcd_ex.o
                0x0000000008001e0a                HAL_PCDEx_ActivateLPM
 .text.HAL_PCDEx_LPM_Callback
                0x0000000008001e30        0x2 Drivers/STM32F7xx_HAL_Driver/Src/stm32f7xx_hal_pcd_ex.o
                0x0000000008001e30                HAL_PCDEx_LPM_Callback
 *fill*         0x0000000008001e32        0x2 
 .text.HAL_PWREx_EnableOverDrive
                0x0000000008001e34       0x70 Drivers/STM32F7xx_HAL_Driver/Src/stm32f7xx_hal_pwr_ex.o
                0x0000000008001e34                HAL_PWREx_EnableOverDrive
 .text.HAL_RCC_OscConfig
                0x0000000008001ea4      0x378 Drivers/STM32F7xx_HAL_Driver/Src/stm32f7xx_hal_rcc.o
                0x0000000008001ea4                HAL_RCC_OscConfig
 .text.HAL_RCC_GetSysClockFreq
                0x000000000800221c       0x4c Drivers/STM32F7xx_HAL_Driver/Src/stm32f7xx_hal_rcc.o
                0x000000000800221c                HAL_RCC_GetSysClockFreq
 .text.HAL_RCC_ClockConfig
                0x0000000008002268      0x13c Drivers/STM32F7xx_HAL_Driver/Src/stm32f7xx_hal_rcc.o
                0x0000000008002268                HAL_RCC_ClockConfig
 .text.HAL_RCC_GetHCLKFreq
                0x00000000080023a4        0xc Drivers/STM32F7xx_HAL_Driver/Src/stm32f7xx_hal_rcc.o
                0x00000000080023a4                HAL_RCC_GetHCLKFreq
 .text.HAL_RCC_GetPCLK1Freq
                0x00000000080023b0       0x20 Drivers/STM32F7xx_HAL_Driver/Src/stm32f7xx_hal_rcc.o
                0x00000000080023b0                HAL_RCC_GetPCLK1Freq
 .text.HAL_RCC_GetPCLK2Freq
                0x00000000080023d0       0x20 Drivers/STM32F7xx_HAL_Driver/Src/stm32f7xx_hal_rcc.o
                0x00000000080023d0                HAL_RCC_GetPCLK2Freq
 .text.HAL_RCCEx_PeriphCLKConfig
                0x00000000080023f0      0x45c Drivers/STM32F7xx_HAL_Driver/Src/stm32f7xx_hal_rcc_ex.o
                0x00000000080023f0                HAL_RCCEx_PeriphCLKConfig
 .text.UART_SetConfig
                0x000000000800284c      0x2b0 Drivers/STM32F7xx_HAL_Driver/Src/stm32f7xx_hal_uart.o
                0x000000000800284c                UART_SetConfig
 .text.UART_AdvFeatureConfig
                0x0000000008002afc       0xaa Drivers/STM32F7xx_HAL_Driver/Src/stm32f7xx_hal_uart.o
                0x0000000008002afc                UART_AdvFeatureConfig
 .text.UART_WaitOnFlagUntilTimeout
                0x0000000008002ba6       0x84 Drivers/STM32F7xx_HAL_Driver/Src/stm32f7xx_hal_uart.o
                0x0000000008002ba6                UART_WaitOnFlagUntilTimeout
 .text.HAL_UART_Transmit
                0x0000000008002c2a       0xb0 Drivers/STM32F7xx_HAL_Driver/Src/stm32f7xx_hal_uart.o
                0x0000000008002c2a                HAL_UART_Transmit
 .text.UART_CheckIdleState
                0x0000000008002cda       0x40 Drivers/STM32F7xx_HAL_Driver/Src/stm32f7xx_hal_uart.o
                0x0000000008002cda                UART_CheckIdleState
 .text.HAL_UART_Init
                0x0000000008002d1a       0x5c Drivers/STM32F7xx_HAL_Driver/Src/stm32f7xx_hal_uart.o
                0x0000000008002d1a                HAL_UART_Init
 *fill*         0x0000000008002d76        0x2 
 .text.USB_CoreReset
                0x0000000008002d78       0x30 Drivers/STM32F7xx_HAL_Driver/Src/stm32f7xx_ll_usb.o
 .text.USB_CoreInit
                0x0000000008002da8       0xf0 Drivers/STM32F7xx_HAL_Driver/Src/stm32f7xx_ll_usb.o
                0x0000000008002da8                USB_CoreInit
 .text.USB_SetTurnaroundTime
                0x0000000008002e98       0xe8 Drivers/STM32F7xx_HAL_Driver/Src/stm32f7xx_ll_usb.o
                0x0000000008002e98                USB_SetTurnaroundTime
 .text.USB_EnableGlobalInt
                0x0000000008002f80        0xc Drivers/STM32F7xx_HAL_Driver/Src/stm32f7xx_ll_usb.o
                0x0000000008002f80                USB_EnableGlobalInt
 .text.USB_DisableGlobalInt
                0x0000000008002f8c        0xc Drivers/STM32F7xx_HAL_Driver/Src/stm32f7xx_ll_usb.o
                0x0000000008002f8c                USB_DisableGlobalInt
 .text.USB_SetCurrentMode
                0x0000000008002f98       0x2e Drivers/STM32F7xx_HAL_Driver/Src/stm32f7xx_ll_usb.o
                0x0000000008002f98                USB_SetCurrentMode
 *fill*         0x0000000008002fc6        0x2 
 .text.USB_FlushTxFifo
                0x0000000008002fc8       0x24 Drivers/STM32F7xx_HAL_Driver/Src/stm32f7xx_ll_usb.o
                0x0000000008002fc8                USB_FlushTxFifo
 .text.USB_FlushRxFifo
                0x0000000008002fec       0x20 Drivers/STM32F7xx_HAL_Driver/Src/stm32f7xx_ll_usb.o
                0x0000000008002fec                USB_FlushRxFifo
 .text.USB_SetDevSpeed
                0x000000000800300c        0xe Drivers/STM32F7xx_HAL_Driver/Src/stm32f7xx_ll_usb.o
                0x000000000800300c                USB_SetDevSpeed
 *fill*         0x000000000800301a        0x2 
 .text.USB_DevInit
                0x000000000800301c      0x174 Drivers/STM32F7xx_HAL_Driver/Src/stm32f7xx_ll_usb.o
                0x000000000800301c                USB_DevInit
 .text.USB_GetDevSpeed
                0x0000000008003190       0x16 Drivers/STM32F7xx_HAL_Driver/Src/stm32f7xx_ll_usb.o
                0x0000000008003190                USB_GetDevSpeed
 *fill*         0x00000000080031a6        0x2 
 .text.USB_DeactivateEndpoint
                0x00000000080031a8       0xa4 Drivers/STM32F7xx_HAL_Driver/Src/stm32f7xx_ll_usb.o
                0x00000000080031a8                USB_DeactivateEndpoint
 .text.USB_EP0StartXfer
                0x000000000800324c       0xe8 Drivers/STM32F7xx_HAL_Driver/Src/stm32f7xx_ll_usb.o
                0x000000000800324c                USB_EP0StartXfer
 .text.USB_WritePacket
                0x0000000008003334       0x28 Drivers/STM32F7xx_HAL_Driver/Src/stm32f7xx_ll_usb.o
                0x0000000008003334                USB_WritePacket
 .text.USB_EPStartXfer
                0x000000000800335c      0x1b0 Drivers/STM32F7xx_HAL_Driver/Src/stm32f7xx_ll_usb.o
                0x000000000800335c                USB_EPStartXfer
 .text.USB_ReadPacket
                0x000000000800350c       0x1c Drivers/STM32F7xx_HAL_Driver/Src/stm32f7xx_ll_usb.o
                0x000000000800350c                USB_ReadPacket
 .text.USB_EPSetStall
                0x0000000008003528       0x56 Drivers/STM32F7xx_HAL_Driver/Src/stm32f7xx_ll_usb.o
                0x0000000008003528                USB_EPSetStall
 .text.USB_EPClearStall
                0x000000000800357e       0x52 Drivers/STM32F7xx_HAL_Driver/Src/stm32f7xx_ll_usb.o
                0x000000000800357e                USB_EPClearStall
 .text.USB_SetDevAddress
                0x00000000080035d0       0x20 Drivers/STM32F7xx_HAL_Driver/Src/stm32f7xx_ll_usb.o
                0x00000000080035d0                USB_SetDevAddress
 .text.USB_DevConnect
                0x00000000080035f0       0x18 Drivers/STM32F7xx_HAL_Driver/Src/stm32f7xx_ll_usb.o
                0x00000000080035f0                USB_DevConnect
 .text.USB_DevDisconnect
                0x0000000008003608       0x18 Drivers/STM32F7xx_HAL_Driver/Src/stm32f7xx_ll_usb.o
                0x0000000008003608                USB_DevDisconnect
 .text.USB_ReadInterrupts
                0x0000000008003620        0x8 Drivers/STM32F7xx_HAL_Driver/Src/stm32f7xx_ll_usb.o
                0x0000000008003620                USB_ReadInterrupts
 .text.USB_ReadDevAllOutEpInterrupt
                0x0000000008003628       0x10 Drivers/STM32F7xx_HAL_Driver/Src/stm32f7xx_ll_usb.o
                0x0000000008003628                USB_ReadDevAllOutEpInterrupt
 .text.USB_ReadDevAllInEpInterrupt
                0x0000000008003638       0x10 Drivers/STM32F7xx_HAL_Driver/Src/stm32f7xx_ll_usb.o
                0x0000000008003638                USB_ReadDevAllInEpInterrupt
 .text.USB_ReadDevOutEPInterrupt
                0x0000000008003648       0x12 Drivers/STM32F7xx_HAL_Driver/Src/stm32f7xx_ll_usb.o
                0x0000000008003648                USB_ReadDevOutEPInterrupt
 .text.USB_ReadDevInEPInterrupt
                0x000000000800365a       0x24 Drivers/STM32F7xx_HAL_Driver/Src/stm32f7xx_ll_usb.o
                0x000000000800365a                USB_ReadDevInEPInterrupt
 .text.USB_GetMode
                0x000000000800367e        0x8 Drivers/STM32F7xx_HAL_Driver/Src/stm32f7xx_ll_usb.o
                0x000000000800367e                USB_GetMode
 .text.USB_ActivateSetup
                0x0000000008003686       0x20 Drivers/STM32F7xx_HAL_Driver/Src/stm32f7xx_ll_usb.o
                0x0000000008003686                USB_ActivateSetup
 *fill*         0x00000000080036a6        0x2 
 .text.USB_EP0_OutStart
                0x00000000080036a8       0x4c Drivers/STM32F7xx_HAL_Driver/Src/stm32f7xx_ll_usb.o
                0x00000000080036a8                USB_EP0_OutStart
 .text.USBD_Init
                0x00000000080036f4       0x50 Middlewares/ST/STM32_USB_Device_Library/Core/Src/usbd_core.o
                0x00000000080036f4                USBD_Init
 .text.USBD_RegisterClass
                0x0000000008003744       0x40 Middlewares/ST/STM32_USB_Device_Library/Core/Src/usbd_core.o
                0x0000000008003744                USBD_RegisterClass
 .text.USBD_Start
                0x0000000008003784        0x4 Middlewares/ST/STM32_USB_Device_Library/Core/Src/usbd_core.o
                0x0000000008003784                USBD_Start
 .text.USBD_SetClassConfig
                0x0000000008003788        0xe Middlewares/ST/STM32_USB_Device_Library/Core/Src/usbd_core.o
                0x0000000008003788                USBD_SetClassConfig
 .text.USBD_ClrClassConfig
                0x0000000008003796       0x10 Middlewares/ST/STM32_USB_Device_Library/Core/Src/usbd_core.o
                0x0000000008003796                USBD_ClrClassConfig
 .text.USBD_LL_SetupStage
                0x00000000080037a6       0x60 Middlewares/ST/STM32_USB_Device_Library/Core/Src/usbd_core.o
                0x00000000080037a6                USBD_LL_SetupStage
 .text.USBD_LL_DataOutStage
                0x0000000008003806       0x66 Middlewares/ST/STM32_USB_Device_Library/Core/Src/usbd_core.o
                0x0000000008003806                USBD_LL_DataOutStage
 .text.USBD_LL_DataInStage
                0x000000000800386c       0x9a Middlewares/ST/STM32_USB_Device_Library/Core/Src/usbd_core.o
                0x000000000800386c                USBD_LL_DataInStage
 .text.USBD_LL_Reset
                0x0000000008003906       0x50 Middlewares/ST/STM32_USB_Device_Library/Core/Src/usbd_core.o
                0x0000000008003906                USBD_LL_Reset
 .text.USBD_LL_SetSpeed
                0x0000000008003956        0x6 Middlewares/ST/STM32_USB_Device_Library/Core/Src/usbd_core.o
                0x0000000008003956                USBD_LL_SetSpeed
 .text.USBD_LL_Suspend
                0x000000000800395c       0x12 Middlewares/ST/STM32_USB_Device_Library/Core/Src/usbd_core.o
                0x000000000800395c                USBD_LL_Suspend
 .text.USBD_LL_Resume
                0x000000000800396e       0x14 Middlewares/ST/STM32_USB_Device_Library/Core/Src/usbd_core.o
                0x000000000800396e                USBD_LL_Resume
 .text.USBD_LL_SOF
                0x0000000008003982       0x18 Middlewares/ST/STM32_USB_Device_Library/Core/Src/usbd_core.o
                0x0000000008003982                USBD_LL_SOF
 .text.USBD_LL_IsoINIncomplete
                0x000000000800399a        0x4 Middlewares/ST/STM32_USB_Device_Library/Core/Src/usbd_core.o
                0x000000000800399a                USBD_LL_IsoINIncomplete
 .text.USBD_LL_IsoOUTIncomplete
                0x000000000800399e        0x4 Middlewares/ST/STM32_USB_Device_Library/Core/Src/usbd_core.o
                0x000000000800399e                USBD_LL_IsoOUTIncomplete
 .text.USBD_LL_DevConnected
                0x00000000080039a2        0x4 Middlewares/ST/STM32_USB_Device_Library/Core/Src/usbd_core.o
                0x00000000080039a2                USBD_LL_DevConnected
 .text.USBD_LL_DevDisconnected
                0x00000000080039a6       0x18 Middlewares/ST/STM32_USB_Device_Library/Core/Src/usbd_core.o
                0x00000000080039a6                USBD_LL_DevDisconnected
 .text.USBD_CtlError.constprop.1
                0x00000000080039be       0x16 Middlewares/ST/STM32_USB_Device_Library/Core/Src/usbd_ctlreq.o
 .text.USBD_StdDevReq
                0x00000000080039d4      0x280 Middlewares/ST/STM32_USB_Device_Library/Core/Src/usbd_ctlreq.o
                0x00000000080039d4                USBD_StdDevReq
 .text.USBD_StdItfReq
                0x0000000008003c54       0x4e Middlewares/ST/STM32_USB_Device_Library/Core/Src/usbd_ctlreq.o
                0x0000000008003c54                USBD_StdItfReq
 .text.USBD_StdEPReq
                0x0000000008003ca2      0x128 Middlewares/ST/STM32_USB_Device_Library/Core/Src/usbd_ctlreq.o
                0x0000000008003ca2                USBD_StdEPReq
 .text.USBD_ParseSetupRequest
                0x0000000008003dca       0x28 Middlewares/ST/STM32_USB_Device_Library/Core/Src/usbd_ctlreq.o
                0x0000000008003dca                USBD_ParseSetupRequest
 .text.USBD_CtlError
                0x0000000008003df2       0x16 Middlewares/ST/STM32_USB_Device_Library/Core/Src/usbd_ctlreq.o
                0x0000000008003df2                USBD_CtlError
 .text.USBD_GetString
                0x0000000008003e08       0x38 Middlewares/ST/STM32_USB_Device_Library/Core/Src/usbd_ctlreq.o
                0x0000000008003e08                USBD_GetString
 .text.USBD_CtlSendData
                0x0000000008003e40       0x1a Middlewares/ST/STM32_USB_Device_Library/Core/Src/usbd_ioreq.o
                0x0000000008003e40                USBD_CtlSendData
 .text.USBD_CtlContinueSendData
                0x0000000008003e5a       0x10 Middlewares/ST/STM32_USB_Device_Library/Core/Src/usbd_ioreq.o
                0x0000000008003e5a                USBD_CtlContinueSendData
 .text.USBD_CtlContinueRx
                0x0000000008003e6a       0x10 Middlewares/ST/STM32_USB_Device_Library/Core/Src/usbd_ioreq.o
                0x0000000008003e6a                USBD_CtlContinueRx
 .text.USBD_CtlSendStatus
                0x0000000008003e7a       0x16 Middlewares/ST/STM32_USB_Device_Library/Core/Src/usbd_ioreq.o
                0x0000000008003e7a                USBD_CtlSendStatus
 .text.USBD_CtlReceiveStatus
                0x0000000008003e90       0x16 Middlewares/ST/STM32_USB_Device_Library/Core/Src/usbd_ioreq.o
                0x0000000008003e90                USBD_CtlReceiveStatus
 *fill*         0x0000000008003ea6        0x2 
 .text.__errno  0x0000000008003ea8        0xc c:/st/stm32cubeide_1.4.0/stm32cubeide/plugins/com.st.stm32cube.ide.mcu.externaltools.gnu-tools-for-stm32.7-2018-q2-update.win32_1.4.0.202007081208/tools/bin/../lib/gcc/arm-none-eabi/7.3.1/../../../../arm-none-eabi/lib/thumb/v7e-m/fpv4-sp/hard\libc_nano.a(lib_a-errno.o)
                0x0000000008003ea8                __errno
 .text.__libc_init_array
                0x0000000008003eb4       0x48 c:/st/stm32cubeide_1.4.0/stm32cubeide/plugins/com.st.stm32cube.ide.mcu.externaltools.gnu-tools-for-stm32.7-2018-q2-update.win32_1.4.0.202007081208/tools/bin/../lib/gcc/arm-none-eabi/7.3.1/../../../../arm-none-eabi/lib/thumb/v7e-m/fpv4-sp/hard\libc_nano.a(lib_a-init.o)
                0x0000000008003eb4                __libc_init_array
 .text.memset   0x0000000008003efc       0x10 c:/st/stm32cubeide_1.4.0/stm32cubeide/plugins/com.st.stm32cube.ide.mcu.externaltools.gnu-tools-for-stm32.7-2018-q2-update.win32_1.4.0.202007081208/tools/bin/../lib/gcc/arm-none-eabi/7.3.1/../../../../arm-none-eabi/lib/thumb/v7e-m/fpv4-sp/hard\libc_nano.a(lib_a-memset.o)
                0x0000000008003efc                memset
 .text.printf   0x0000000008003f0c       0x30 c:/st/stm32cubeide_1.4.0/stm32cubeide/plugins/com.st.stm32cube.ide.mcu.externaltools.gnu-tools-for-stm32.7-2018-q2-update.win32_1.4.0.202007081208/tools/bin/../lib/gcc/arm-none-eabi/7.3.1/../../../../arm-none-eabi/lib/thumb/v7e-m/fpv4-sp/hard\libc_nano.a(lib_a-printf.o)
                0x0000000008003f0c                iprintf
                0x0000000008003f0c                printf
 .text.putchar  0x0000000008003f3c       0x28 c:/st/stm32cubeide_1.4.0/stm32cubeide/plugins/com.st.stm32cube.ide.mcu.externaltools.gnu-tools-for-stm32.7-2018-q2-update.win32_1.4.0.202007081208/tools/bin/../lib/gcc/arm-none-eabi/7.3.1/../../../../arm-none-eabi/lib/thumb/v7e-m/fpv4-sp/hard\libc_nano.a(lib_a-putchar.o)
                0x0000000008003f3c                putchar
 .text.std      0x0000000008003f64       0x48 c:/st/stm32cubeide_1.4.0/stm32cubeide/plugins/com.st.stm32cube.ide.mcu.externaltools.gnu-tools-for-stm32.7-2018-q2-update.win32_1.4.0.202007081208/tools/bin/../lib/gcc/arm-none-eabi/7.3.1/../../../../arm-none-eabi/lib/thumb/v7e-m/fpv4-sp/hard\libc_nano.a(lib_a-findfp.o)
 .text._cleanup_r
                0x0000000008003fac        0xc c:/st/stm32cubeide_1.4.0/stm32cubeide/plugins/com.st.stm32cube.ide.mcu.externaltools.gnu-tools-for-stm32.7-2018-q2-update.win32_1.4.0.202007081208/tools/bin/../lib/gcc/arm-none-eabi/7.3.1/../../../../arm-none-eabi/lib/thumb/v7e-m/fpv4-sp/hard\libc_nano.a(lib_a-findfp.o)
                0x0000000008003fac                _cleanup_r
 .text.__sfmoreglue
                0x0000000008003fb8       0x2c c:/st/stm32cubeide_1.4.0/stm32cubeide/plugins/com.st.stm32cube.ide.mcu.externaltools.gnu-tools-for-stm32.7-2018-q2-update.win32_1.4.0.202007081208/tools/bin/../lib/gcc/arm-none-eabi/7.3.1/../../../../arm-none-eabi/lib/thumb/v7e-m/fpv4-sp/hard\libc_nano.a(lib_a-findfp.o)
                0x0000000008003fb8                __sfmoreglue
 .text.__sinit  0x0000000008003fe4       0x60 c:/st/stm32cubeide_1.4.0/stm32cubeide/plugins/com.st.stm32cube.ide.mcu.externaltools.gnu-tools-for-stm32.7-2018-q2-update.win32_1.4.0.202007081208/tools/bin/../lib/gcc/arm-none-eabi/7.3.1/../../../../arm-none-eabi/lib/thumb/v7e-m/fpv4-sp/hard\libc_nano.a(lib_a-findfp.o)
                0x0000000008003fe4                __sinit
 .text.__sfp    0x0000000008004044       0x78 c:/st/stm32cubeide_1.4.0/stm32cubeide/plugins/com.st.stm32cube.ide.mcu.externaltools.gnu-tools-for-stm32.7-2018-q2-update.win32_1.4.0.202007081208/tools/bin/../lib/gcc/arm-none-eabi/7.3.1/../../../../arm-none-eabi/lib/thumb/v7e-m/fpv4-sp/hard\libc_nano.a(lib_a-findfp.o)
                0x0000000008004044                __sfp
 .text._fwalk_reent
                0x00000000080040bc       0x3c c:/st/stm32cubeide_1.4.0/stm32cubeide/plugins/com.st.stm32cube.ide.mcu.externaltools.gnu-tools-for-stm32.7-2018-q2-update.win32_1.4.0.202007081208/tools/bin/../lib/gcc/arm-none-eabi/7.3.1/../../../../arm-none-eabi/lib/thumb/v7e-m/fpv4-sp/hard\libc_nano.a(lib_a-fwalk.o)
                0x00000000080040bc                _fwalk_reent
 .text._malloc_r
                0x00000000080040f8       0xb4 c:/st/stm32cubeide_1.4.0/stm32cubeide/plugins/com.st.stm32cube.ide.mcu.externaltools.gnu-tools-for-stm32.7-2018-q2-update.win32_1.4.0.202007081208/tools/bin/../lib/gcc/arm-none-eabi/7.3.1/../../../../arm-none-eabi/lib/thumb/v7e-m/fpv4-sp/hard\libc_nano.a(lib_a-nano-mallocr.o)
                0x00000000080040f8                _malloc_r
 .text.__sfputc_r
                0x00000000080041ac       0x2e c:/st/stm32cubeide_1.4.0/stm32cubeide/plugins/com.st.stm32cube.ide.mcu.externaltools.gnu-tools-for-stm32.7-2018-q2-update.win32_1.4.0.202007081208/tools/bin/../lib/gcc/arm-none-eabi/7.3.1/../../../../arm-none-eabi/lib/thumb/v7e-m/fpv4-sp/hard\libc_nano.a(lib_a-nano-vfprintf.o)
 .text.__sfputs_r
                0x00000000080041da       0x24 c:/st/stm32cubeide_1.4.0/stm32cubeide/plugins/com.st.stm32cube.ide.mcu.externaltools.gnu-tools-for-stm32.7-2018-q2-update.win32_1.4.0.202007081208/tools/bin/../lib/gcc/arm-none-eabi/7.3.1/../../../../arm-none-eabi/lib/thumb/v7e-m/fpv4-sp/hard\libc_nano.a(lib_a-nano-vfprintf.o)
                0x00000000080041da                __sfputs_r
 *fill*         0x00000000080041fe        0x2 
 .text._vfprintf_r
                0x0000000008004200      0x22c c:/st/stm32cubeide_1.4.0/stm32cubeide/plugins/com.st.stm32cube.ide.mcu.externaltools.gnu-tools-for-stm32.7-2018-q2-update.win32_1.4.0.202007081208/tools/bin/../lib/gcc/arm-none-eabi/7.3.1/../../../../arm-none-eabi/lib/thumb/v7e-m/fpv4-sp/hard\libc_nano.a(lib_a-nano-vfprintf.o)
                0x0000000008004200                _vfprintf_r
                0x0000000008004200                _vfiprintf_r
 .text._printf_common
                0x000000000800442c       0xea c:/st/stm32cubeide_1.4.0/stm32cubeide/plugins/com.st.stm32cube.ide.mcu.externaltools.gnu-tools-for-stm32.7-2018-q2-update.win32_1.4.0.202007081208/tools/bin/../lib/gcc/arm-none-eabi/7.3.1/../../../../arm-none-eabi/lib/thumb/v7e-m/fpv4-sp/hard\libc_nano.a(lib_a-nano-vfprintf_i.o)
                0x000000000800442c                _printf_common
 *fill*         0x0000000008004516        0x2 
 .text._printf_i
                0x0000000008004518      0x224 c:/st/stm32cubeide_1.4.0/stm32cubeide/plugins/com.st.stm32cube.ide.mcu.externaltools.gnu-tools-for-stm32.7-2018-q2-update.win32_1.4.0.202007081208/tools/bin/../lib/gcc/arm-none-eabi/7.3.1/../../../../arm-none-eabi/lib/thumb/v7e-m/fpv4-sp/hard\libc_nano.a(lib_a-nano-vfprintf_i.o)
                0x0000000008004518                _printf_i
 .text._putc_r  0x000000000800473c       0x6c c:/st/stm32cubeide_1.4.0/stm32cubeide/plugins/com.st.stm32cube.ide.mcu.externaltools.gnu-tools-for-stm32.7-2018-q2-update.win32_1.4.0.202007081208/tools/bin/../lib/gcc/arm-none-eabi/7.3.1/../../../../arm-none-eabi/lib/thumb/v7e-m/fpv4-sp/hard\libc_nano.a(lib_a-putc.o)
                0x000000000800473c                _putc_r
 .text._sbrk_r  0x00000000080047a8       0x20 c:/st/stm32cubeide_1.4.0/stm32cubeide/plugins/com.st.stm32cube.ide.mcu.externaltools.gnu-tools-for-stm32.7-2018-q2-update.win32_1.4.0.202007081208/tools/bin/../lib/gcc/arm-none-eabi/7.3.1/../../../../arm-none-eabi/lib/thumb/v7e-m/fpv4-sp/hard\libc_nano.a(lib_a-sbrkr.o)
                0x00000000080047a8                _sbrk_r
 .text.__sread  0x00000000080047c8       0x22 c:/st/stm32cubeide_1.4.0/stm32cubeide/plugins/com.st.stm32cube.ide.mcu.externaltools.gnu-tools-for-stm32.7-2018-q2-update.win32_1.4.0.202007081208/tools/bin/../lib/gcc/arm-none-eabi/7.3.1/../../../../arm-none-eabi/lib/thumb/v7e-m/fpv4-sp/hard\libc_nano.a(lib_a-stdio.o)
                0x00000000080047c8                __sread
 .text.__swrite
                0x00000000080047ea       0x38 c:/st/stm32cubeide_1.4.0/stm32cubeide/plugins/com.st.stm32cube.ide.mcu.externaltools.gnu-tools-for-stm32.7-2018-q2-update.win32_1.4.0.202007081208/tools/bin/../lib/gcc/arm-none-eabi/7.3.1/../../../../arm-none-eabi/lib/thumb/v7e-m/fpv4-sp/hard\libc_nano.a(lib_a-stdio.o)
                0x00000000080047ea                __swrite
 .text.__sseek  0x0000000008004822       0x24 c:/st/stm32cubeide_1.4.0/stm32cubeide/plugins/com.st.stm32cube.ide.mcu.externaltools.gnu-tools-for-stm32.7-2018-q2-update.win32_1.4.0.202007081208/tools/bin/../lib/gcc/arm-none-eabi/7.3.1/../../../../arm-none-eabi/lib/thumb/v7e-m/fpv4-sp/hard\libc_nano.a(lib_a-stdio.o)
                0x0000000008004822                __sseek
 .text.__sclose
                0x0000000008004846        0x8 c:/st/stm32cubeide_1.4.0/stm32cubeide/plugins/com.st.stm32cube.ide.mcu.externaltools.gnu-tools-for-stm32.7-2018-q2-update.win32_1.4.0.202007081208/tools/bin/../lib/gcc/arm-none-eabi/7.3.1/../../../../arm-none-eabi/lib/thumb/v7e-m/fpv4-sp/hard\libc_nano.a(lib_a-stdio.o)
                0x0000000008004846                __sclose
 *fill*         0x000000000800484e        0x2 
 .text.__swbuf_r
                0x0000000008004850       0xa4 c:/st/stm32cubeide_1.4.0/stm32cubeide/plugins/com.st.stm32cube.ide.mcu.externaltools.gnu-tools-for-stm32.7-2018-q2-update.win32_1.4.0.202007081208/tools/bin/../lib/gcc/arm-none-eabi/7.3.1/../../../../arm-none-eabi/lib/thumb/v7e-m/fpv4-sp/hard\libc_nano.a(lib_a-wbuf.o)
                0x0000000008004850                __swbuf_r
 .text._write_r
                0x00000000080048f4       0x24 c:/st/stm32cubeide_1.4.0/stm32cubeide/plugins/com.st.stm32cube.ide.mcu.externaltools.gnu-tools-for-stm32.7-2018-q2-update.win32_1.4.0.202007081208/tools/bin/../lib/gcc/arm-none-eabi/7.3.1/../../../../arm-none-eabi/lib/thumb/v7e-m/fpv4-sp/hard\libc_nano.a(lib_a-writer.o)
                0x00000000080048f4                _write_r
 .text.__swsetup_r
                0x0000000008004918       0xdc c:/st/stm32cubeide_1.4.0/stm32cubeide/plugins/com.st.stm32cube.ide.mcu.externaltools.gnu-tools-for-stm32.7-2018-q2-update.win32_1.4.0.202007081208/tools/bin/../lib/gcc/arm-none-eabi/7.3.1/../../../../arm-none-eabi/lib/thumb/v7e-m/fpv4-sp/hard\libc_nano.a(lib_a-wsetup.o)
                0x0000000008004918                __swsetup_r
 .text._close_r
                0x00000000080049f4       0x20 c:/st/stm32cubeide_1.4.0/stm32cubeide/plugins/com.st.stm32cube.ide.mcu.externaltools.gnu-tools-for-stm32.7-2018-q2-update.win32_1.4.0.202007081208/tools/bin/../lib/gcc/arm-none-eabi/7.3.1/../../../../arm-none-eabi/lib/thumb/v7e-m/fpv4-sp/hard\libc_nano.a(lib_a-closer.o)
                0x00000000080049f4                _close_r
 .text.__sflush_r
                0x0000000008004a14      0x10c c:/st/stm32cubeide_1.4.0/stm32cubeide/plugins/com.st.stm32cube.ide.mcu.externaltools.gnu-tools-for-stm32.7-2018-q2-update.win32_1.4.0.202007081208/tools/bin/../lib/gcc/arm-none-eabi/7.3.1/../../../../arm-none-eabi/lib/thumb/v7e-m/fpv4-sp/hard\libc_nano.a(lib_a-fflush.o)
                0x0000000008004a14                __sflush_r
 .text._fflush_r
                0x0000000008004b20       0x54 c:/st/stm32cubeide_1.4.0/stm32cubeide/plugins/com.st.stm32cube.ide.mcu.externaltools.gnu-tools-for-stm32.7-2018-q2-update.win32_1.4.0.202007081208/tools/bin/../lib/gcc/arm-none-eabi/7.3.1/../../../../arm-none-eabi/lib/thumb/v7e-m/fpv4-sp/hard\libc_nano.a(lib_a-fflush.o)
                0x0000000008004b20                _fflush_r
 .text._lseek_r
                0x0000000008004b74       0x24 c:/st/stm32cubeide_1.4.0/stm32cubeide/plugins/com.st.stm32cube.ide.mcu.externaltools.gnu-tools-for-stm32.7-2018-q2-update.win32_1.4.0.202007081208/tools/bin/../lib/gcc/arm-none-eabi/7.3.1/../../../../arm-none-eabi/lib/thumb/v7e-m/fpv4-sp/hard\libc_nano.a(lib_a-lseekr.o)
                0x0000000008004b74                _lseek_r
 .text.__swhatbuf_r
                0x0000000008004b98       0x48 c:/st/stm32cubeide_1.4.0/stm32cubeide/plugins/com.st.stm32cube.ide.mcu.externaltools.gnu-tools-for-stm32.7-2018-q2-update.win32_1.4.0.202007081208/tools/bin/../lib/gcc/arm-none-eabi/7.3.1/../../../../arm-none-eabi/lib/thumb/v7e-m/fpv4-sp/hard\libc_nano.a(lib_a-makebuf.o)
                0x0000000008004b98                __swhatbuf_r
 .text.__smakebuf_r
                0x0000000008004be0       0x80 c:/st/stm32cubeide_1.4.0/stm32cubeide/plugins/com.st.stm32cube.ide.mcu.externaltools.gnu-tools-for-stm32.7-2018-q2-update.win32_1.4.0.202007081208/tools/bin/../lib/gcc/arm-none-eabi/7.3.1/../../../../arm-none-eabi/lib/thumb/v7e-m/fpv4-sp/hard\libc_nano.a(lib_a-makebuf.o)
                0x0000000008004be0                __smakebuf_r
 .text.__malloc_lock
                0x0000000008004c60        0x2 c:/st/stm32cubeide_1.4.0/stm32cubeide/plugins/com.st.stm32cube.ide.mcu.externaltools.gnu-tools-for-stm32.7-2018-q2-update.win32_1.4.0.202007081208/tools/bin/../lib/gcc/arm-none-eabi/7.3.1/../../../../arm-none-eabi/lib/thumb/v7e-m/fpv4-sp/hard\libc_nano.a(lib_a-mlock.o)
                0x0000000008004c60                __malloc_lock
 .text.__malloc_unlock
                0x0000000008004c62        0x2 c:/st/stm32cubeide_1.4.0/stm32cubeide/plugins/com.st.stm32cube.ide.mcu.externaltools.gnu-tools-for-stm32.7-2018-q2-update.win32_1.4.0.202007081208/tools/bin/../lib/gcc/arm-none-eabi/7.3.1/../../../../arm-none-eabi/lib/thumb/v7e-m/fpv4-sp/hard\libc_nano.a(lib_a-mlock.o)
                0x0000000008004c62                __malloc_unlock
 .text._free_r  0x0000000008004c64       0x9c c:/st/stm32cubeide_1.4.0/stm32cubeide/plugins/com.st.stm32cube.ide.mcu.externaltools.gnu-tools-for-stm32.7-2018-q2-update.win32_1.4.0.202007081208/tools/bin/../lib/gcc/arm-none-eabi/7.3.1/../../../../arm-none-eabi/lib/thumb/v7e-m/fpv4-sp/hard\libc_nano.a(lib_a-nano-freer.o)
                0x0000000008004c64                _free_r
 .text._read_r  0x0000000008004d00       0x24 c:/st/stm32cubeide_1.4.0/stm32cubeide/plugins/com.st.stm32cube.ide.mcu.externaltools.gnu-tools-for-stm32.7-2018-q2-update.win32_1.4.0.202007081208/tools/bin/../lib/gcc/arm-none-eabi/7.3.1/../../../../arm-none-eabi/lib/thumb/v7e-m/fpv4-sp/hard\libc_nano.a(lib_a-readr.o)
                0x0000000008004d00                _read_r
 .text._fstat_r
                0x0000000008004d24       0x24 c:/st/stm32cubeide_1.4.0/stm32cubeide/plugins/com.st.stm32cube.ide.mcu.externaltools.gnu-tools-for-stm32.7-2018-q2-update.win32_1.4.0.202007081208/tools/bin/../lib/gcc/arm-none-eabi/7.3.1/../../../../arm-none-eabi/lib/thumb/v7e-m/fpv4-sp/hard\libc_nano.a(lib_a-fstatr.o)
                0x0000000008004d24                _fstat_r
 .text._isatty_r
                0x0000000008004d48       0x20 c:/st/stm32cubeide_1.4.0/stm32cubeide/plugins/com.st.stm32cube.ide.mcu.externaltools.gnu-tools-for-stm32.7-2018-q2-update.win32_1.4.0.202007081208/tools/bin/../lib/gcc/arm-none-eabi/7.3.1/../../../../arm-none-eabi/lib/thumb/v7e-m/fpv4-sp/hard\libc_nano.a(lib_a-isattyr.o)
                0x0000000008004d48                _isatty_r
 *(.glue_7)
 .glue_7        0x0000000008004d68        0x0 linker stubs
 *(.glue_7t)
 .glue_7t       0x0000000008004d68        0x0 linker stubs
 *(.eh_frame)
 .eh_frame      0x0000000008004d68        0x0 c:/st/stm32cubeide_1.4.0/stm32cubeide/plugins/com.st.stm32cube.ide.mcu.externaltools.gnu-tools-for-stm32.7-2018-q2-update.win32_1.4.0.202007081208/tools/bin/../lib/gcc/arm-none-eabi/7.3.1/thumb/v7e-m/fpv4-sp/hard/crtbegin.o
 *(.init)
 .init          0x0000000008004d68        0x4 c:/st/stm32cubeide_1.4.0/stm32cubeide/plugins/com.st.stm32cube.ide.mcu.externaltools.gnu-tools-for-stm32.7-2018-q2-update.win32_1.4.0.202007081208/tools/bin/../lib/gcc/arm-none-eabi/7.3.1/thumb/v7e-m/fpv4-sp/hard/crti.o
                0x0000000008004d68                _init
 .init          0x0000000008004d6c        0x8 c:/st/stm32cubeide_1.4.0/stm32cubeide/plugins/com.st.stm32cube.ide.mcu.externaltools.gnu-tools-for-stm32.7-2018-q2-update.win32_1.4.0.202007081208/tools/bin/../lib/gcc/arm-none-eabi/7.3.1/thumb/v7e-m/fpv4-sp/hard/crtn.o
 *(.fini)
 .fini          0x0000000008004d74        0x4 c:/st/stm32cubeide_1.4.0/stm32cubeide/plugins/com.st.stm32cube.ide.mcu.externaltools.gnu-tools-for-stm32.7-2018-q2-update.win32_1.4.0.202007081208/tools/bin/../lib/gcc/arm-none-eabi/7.3.1/thumb/v7e-m/fpv4-sp/hard/crti.o
                0x0000000008004d74                _fini
 .fini          0x0000000008004d78        0x8 c:/st/stm32cubeide_1.4.0/stm32cubeide/plugins/com.st.stm32cube.ide.mcu.externaltools.gnu-tools-for-stm32.7-2018-q2-update.win32_1.4.0.202007081208/tools/bin/../lib/gcc/arm-none-eabi/7.3.1/thumb/v7e-m/fpv4-sp/hard/crtn.o
                0x0000000008004d80                . = ALIGN (0x4)
                0x0000000008004d80                _etext = .

.vfp11_veneer   0x0000000008004d80        0x0
 .vfp11_veneer  0x0000000008004d80        0x0 linker stubs

.v4_bx          0x0000000008004d80        0x0
 .v4_bx         0x0000000008004d80        0x0 linker stubs

.iplt           0x0000000008004d80        0x0
 .iplt          0x0000000008004d80        0x0 c:/st/stm32cubeide_1.4.0/stm32cubeide/plugins/com.st.stm32cube.ide.mcu.externaltools.gnu-tools-for-stm32.7-2018-q2-update.win32_1.4.0.202007081208/tools/bin/../lib/gcc/arm-none-eabi/7.3.1/thumb/v7e-m/fpv4-sp/hard/crtbegin.o

.rodata         0x0000000008004d80      0x1c4
                0x0000000008004d80                . = ALIGN (0x4)
 *(.rodata)
 *(.rodata*)
 .rodata.main.str1.1
                0x0000000008004d80       0x1b Core/Src/main.o
 .rodata.AHBPrescTable
                0x0000000008004d9b       0x10 Core/Src/system_stm32f7xx.o
                0x0000000008004d9b                AHBPrescTable
 .rodata.APBPrescTable
                0x0000000008004dab        0x8 Core/Src/system_stm32f7xx.o
                0x0000000008004dab                APBPrescTable
 .rodata.USBD_Class_ConfigStrDescriptor.str1.1
                0x0000000008004db3       0x38 Core/Src/usbd_desc.o
 .rodata.USBD_Class_InterfaceStrDescriptor.str1.1
                0x0000000008004deb       0x3e Core/Src/usbd_desc.o
 .rodata.USBD_Class_ManufacturerStrDescriptor.str1.1
                0x0000000008004e29        0xc Core/Src/usbd_desc.o
 .rodata.USBD_Class_ProductStrDescriptor.str1.1
                0x0000000008004e35       0x2a Core/Src/usbd_desc.o
 .rodata.flagBitshiftOffset.8570
                0x0000000008004e5f        0x8 Drivers/STM32F7xx_HAL_Driver/Src/stm32f7xx_hal_dma.o
 .rodata.CSWTCH.52
                0x0000000008004e67        0x4 Drivers/STM32F7xx_HAL_Driver/Src/stm32f7xx_hal_uart.o
 .rodata.CSWTCH.53
                0x0000000008004e6b        0xd Drivers/STM32F7xx_HAL_Driver/Src/stm32f7xx_hal_uart.o
 .rodata.USBD_Init.str1.1
                0x0000000008004e78       0x1e Middlewares/ST/STM32_USB_Device_Library/Core/Src/usbd_core.o
 .rodata.USBD_RegisterClass.str1.1
                0x0000000008004e96       0x15 Middlewares/ST/STM32_USB_Device_Library/Core/Src/usbd_core.o
 *fill*         0x0000000008004eab        0x1 
 .rodata._global_impure_ptr
                0x0000000008004eac        0x4 c:/st/stm32cubeide_1.4.0/stm32cubeide/plugins/com.st.stm32cube.ide.mcu.externaltools.gnu-tools-for-stm32.7-2018-q2-update.win32_1.4.0.202007081208/tools/bin/../lib/gcc/arm-none-eabi/7.3.1/../../../../arm-none-eabi/lib/thumb/v7e-m/fpv4-sp/hard\libc_nano.a(lib_a-impure.o)
                0x0000000008004eac                _global_impure_ptr
 .rodata.__sf_fake_stderr
                0x0000000008004eb0       0x20 c:/st/stm32cubeide_1.4.0/stm32cubeide/plugins/com.st.stm32cube.ide.mcu.externaltools.gnu-tools-for-stm32.7-2018-q2-update.win32_1.4.0.202007081208/tools/bin/../lib/gcc/arm-none-eabi/7.3.1/../../../../arm-none-eabi/lib/thumb/v7e-m/fpv4-sp/hard\libc_nano.a(lib_a-findfp.o)
                0x0000000008004eb0                __sf_fake_stderr
 .rodata.__sf_fake_stdin
                0x0000000008004ed0       0x20 c:/st/stm32cubeide_1.4.0/stm32cubeide/plugins/com.st.stm32cube.ide.mcu.externaltools.gnu-tools-for-stm32.7-2018-q2-update.win32_1.4.0.202007081208/tools/bin/../lib/gcc/arm-none-eabi/7.3.1/../../../../arm-none-eabi/lib/thumb/v7e-m/fpv4-sp/hard\libc_nano.a(lib_a-findfp.o)
                0x0000000008004ed0                __sf_fake_stdin
 .rodata.__sf_fake_stdout
                0x0000000008004ef0       0x20 c:/st/stm32cubeide_1.4.0/stm32cubeide/plugins/com.st.stm32cube.ide.mcu.externaltools.gnu-tools-for-stm32.7-2018-q2-update.win32_1.4.0.202007081208/tools/bin/../lib/gcc/arm-none-eabi/7.3.1/../../../../arm-none-eabi/lib/thumb/v7e-m/fpv4-sp/hard\libc_nano.a(lib_a-findfp.o)
                0x0000000008004ef0                __sf_fake_stdout
 .rodata._vfprintf_r.str1.1
                0x0000000008004f10       0x11 c:/st/stm32cubeide_1.4.0/stm32cubeide/plugins/com.st.stm32cube.ide.mcu.externaltools.gnu-tools-for-stm32.7-2018-q2-update.win32_1.4.0.202007081208/tools/bin/../lib/gcc/arm-none-eabi/7.3.1/../../../../arm-none-eabi/lib/thumb/v7e-m/fpv4-sp/hard\libc_nano.a(lib_a-nano-vfprintf.o)
 .rodata._printf_i.str1.1
                0x0000000008004f21       0x22 c:/st/stm32cubeide_1.4.0/stm32cubeide/plugins/com.st.stm32cube.ide.mcu.externaltools.gnu-tools-for-stm32.7-2018-q2-update.win32_1.4.0.202007081208/tools/bin/../lib/gcc/arm-none-eabi/7.3.1/../../../../arm-none-eabi/lib/thumb/v7e-m/fpv4-sp/hard\libc_nano.a(lib_a-nano-vfprintf_i.o)
                0x0000000008004f44                . = ALIGN (0x4)
 *fill*         0x0000000008004f43        0x1 

.ARM.extab      0x0000000008004f44        0x0
                0x0000000008004f44                . = ALIGN (0x4)
 *(.ARM.extab* .gnu.linkonce.armextab.*)
                0x0000000008004f44                . = ALIGN (0x4)

.ARM            0x0000000008004f44        0x8
                0x0000000008004f44                . = ALIGN (0x4)
                0x0000000008004f44                __exidx_start = .
 *(.ARM.exidx*)
 .ARM.exidx     0x0000000008004f44        0x8 c:/st/stm32cubeide_1.4.0/stm32cubeide/plugins/com.st.stm32cube.ide.mcu.externaltools.gnu-tools-for-stm32.7-2018-q2-update.win32_1.4.0.202007081208/tools/bin/../lib/gcc/arm-none-eabi/7.3.1/thumb/v7e-m/fpv4-sp/hard\libgcc.a(_udivmoddi4.o)
                0x0000000008004f4c                __exidx_end = .
                0x0000000008004f4c                . = ALIGN (0x4)

.rel.dyn        0x0000000008004f4c        0x0
 .rel.iplt      0x0000000008004f4c        0x0 c:/st/stm32cubeide_1.4.0/stm32cubeide/plugins/com.st.stm32cube.ide.mcu.externaltools.gnu-tools-for-stm32.7-2018-q2-update.win32_1.4.0.202007081208/tools/bin/../lib/gcc/arm-none-eabi/7.3.1/thumb/v7e-m/fpv4-sp/hard/crtbegin.o

.preinit_array  0x0000000008004f4c        0x0
                0x0000000008004f4c                . = ALIGN (0x4)
                0x0000000008004f4c                PROVIDE (__preinit_array_start = .)
 *(.preinit_array*)
                0x0000000008004f4c                PROVIDE (__preinit_array_end = .)
                0x0000000008004f4c                . = ALIGN (0x4)

.init_array     0x0000000008004f4c        0x4
                0x0000000008004f4c                . = ALIGN (0x4)
                0x0000000008004f4c                PROVIDE (__init_array_start = .)
 *(SORT_BY_NAME(.init_array.*))
 *(.init_array*)
 .init_array    0x0000000008004f4c        0x4 c:/st/stm32cubeide_1.4.0/stm32cubeide/plugins/com.st.stm32cube.ide.mcu.externaltools.gnu-tools-for-stm32.7-2018-q2-update.win32_1.4.0.202007081208/tools/bin/../lib/gcc/arm-none-eabi/7.3.1/thumb/v7e-m/fpv4-sp/hard/crtbegin.o
                0x0000000008004f50                PROVIDE (__init_array_end = .)
                0x0000000008004f50                . = ALIGN (0x4)

.fini_array     0x0000000008004f50        0x4
                0x0000000008004f50                . = ALIGN (0x4)
                [!provide]                        PROVIDE (__fini_array_start = .)
 *(SORT_BY_NAME(.fini_array.*))
 *(.fini_array*)
 .fini_array    0x0000000008004f50        0x4 c:/st/stm32cubeide_1.4.0/stm32cubeide/plugins/com.st.stm32cube.ide.mcu.externaltools.gnu-tools-for-stm32.7-2018-q2-update.win32_1.4.0.202007081208/tools/bin/../lib/gcc/arm-none-eabi/7.3.1/thumb/v7e-m/fpv4-sp/hard/crtbegin.o
                [!provide]                        PROVIDE (__fini_array_end = .)
                0x0000000008004f54                . = ALIGN (0x4)
                0x0000000008004f54                _sidata = LOADADDR (.data)

.data           0x0000000020000000      0x120 load address 0x0000000008004f54
                0x0000000020000000                . = ALIGN (0x4)
                0x0000000020000000                _sdata = .
 *(.data)
 *(.data*)
 .data.SystemCoreClock
                0x0000000020000000        0x4 Core/Src/system_stm32f7xx.o
                0x0000000020000000                SystemCoreClock
 .data.Class_Desc
                0x0000000020000004       0x1c Core/Src/usbd_desc.o
                0x0000000020000004                Class_Desc
 .data.USBD_DeviceDesc
                0x0000000020000020       0x12 Core/Src/usbd_desc.o
                0x0000000020000020                USBD_DeviceDesc
 *fill*         0x0000000020000032        0x2 
 .data.USBD_LangIDDesc
                0x0000000020000034        0x4 Core/Src/usbd_desc.o
                0x0000000020000034                USBD_LangIDDesc
 .data.USBD_StringSerial
                0x0000000020000038       0x1a Core/Src/usbd_desc.o
                0x0000000020000038                USBD_StringSerial
 *fill*         0x0000000020000052        0x2 
 .data.USBD_TEMPLATE_CfgDesc
                0x0000000020000054       0x20 Core/Src/usbd_i2s_to_usb.o
 .data.USBD_TEMPLATE_ClassDriver
                0x0000000020000074       0x38 Core/Src/usbd_i2s_to_usb.o
                0x0000000020000074                USBD_TEMPLATE_ClassDriver
 .data.USBD_TEMPLATE_DeviceQualifierDesc
                0x00000000200000ac        0xa Core/Src/usbd_i2s_to_usb.o
 .data.uwTickFreq
                0x00000000200000b6        0x1 Drivers/STM32F7xx_HAL_Driver/Src/stm32f7xx_hal.o
                0x00000000200000b6                uwTickFreq
 *fill*         0x00000000200000b7        0x1 
 .data.uwTickPrio
                0x00000000200000b8        0x4 Drivers/STM32F7xx_HAL_Driver/Src/stm32f7xx_hal.o
                0x00000000200000b8                uwTickPrio
 .data._impure_ptr
                0x00000000200000bc        0x4 c:/st/stm32cubeide_1.4.0/stm32cubeide/plugins/com.st.stm32cube.ide.mcu.externaltools.gnu-tools-for-stm32.7-2018-q2-update.win32_1.4.0.202007081208/tools/bin/../lib/gcc/arm-none-eabi/7.3.1/../../../../arm-none-eabi/lib/thumb/v7e-m/fpv4-sp/hard\libc_nano.a(lib_a-impure.o)
                0x00000000200000bc                _impure_ptr
 .data.impure_data
                0x00000000200000c0       0x60 c:/st/stm32cubeide_1.4.0/stm32cubeide/plugins/com.st.stm32cube.ide.mcu.externaltools.gnu-tools-for-stm32.7-2018-q2-update.win32_1.4.0.202007081208/tools/bin/../lib/gcc/arm-none-eabi/7.3.1/../../../../arm-none-eabi/lib/thumb/v7e-m/fpv4-sp/hard\libc_nano.a(lib_a-impure.o)
                0x0000000020000120                . = ALIGN (0x4)
                0x0000000020000120                _edata = .

.igot.plt       0x0000000020000120        0x0 load address 0x0000000008005074
 .igot.plt      0x0000000020000120        0x0 c:/st/stm32cubeide_1.4.0/stm32cubeide/plugins/com.st.stm32cube.ide.mcu.externaltools.gnu-tools-for-stm32.7-2018-q2-update.win32_1.4.0.202007081208/tools/bin/../lib/gcc/arm-none-eabi/7.3.1/thumb/v7e-m/fpv4-sp/hard/crtbegin.o
                0x0000000020000120                . = ALIGN (0x4)

.bss            0x0000000020000120      0x928 load address 0x0000000008005074
                0x0000000020000120                _sbss = .
                0x0000000020000120                __bss_start__ = _sbss
 *(.bss)
 .bss           0x0000000020000120       0x1c c:/st/stm32cubeide_1.4.0/stm32cubeide/plugins/com.st.stm32cube.ide.mcu.externaltools.gnu-tools-for-stm32.7-2018-q2-update.win32_1.4.0.202007081208/tools/bin/../lib/gcc/arm-none-eabi/7.3.1/thumb/v7e-m/fpv4-sp/hard/crtbegin.o
 *(.bss*)
 .bss.__sbrk_heap_end
                0x000000002000013c        0x4 Core/Src/sysmem.o
 .bss.cfgidx.10463
                0x0000000020000140        0x1 Middlewares/ST/STM32_USB_Device_Library/Core/Src/usbd_ctlreq.o
 *fill*         0x0000000020000141        0x3 
 .bss.__malloc_free_list
                0x0000000020000144        0x4 c:/st/stm32cubeide_1.4.0/stm32cubeide/plugins/com.st.stm32cube.ide.mcu.externaltools.gnu-tools-for-stm32.7-2018-q2-update.win32_1.4.0.202007081208/tools/bin/../lib/gcc/arm-none-eabi/7.3.1/../../../../arm-none-eabi/lib/thumb/v7e-m/fpv4-sp/hard\libc_nano.a(lib_a-nano-mallocr.o)
                0x0000000020000144                __malloc_free_list
 .bss.__malloc_sbrk_start
                0x0000000020000148        0x4 c:/st/stm32cubeide_1.4.0/stm32cubeide/plugins/com.st.stm32cube.ide.mcu.externaltools.gnu-tools-for-stm32.7-2018-q2-update.win32_1.4.0.202007081208/tools/bin/../lib/gcc/arm-none-eabi/7.3.1/../../../../arm-none-eabi/lib/thumb/v7e-m/fpv4-sp/hard\libc_nano.a(lib_a-nano-mallocr.o)
                0x0000000020000148                __malloc_sbrk_start
 *(COMMON)
 COMMON         0x000000002000014c      0x7f4 Core/Src/main.o
                0x000000002000014c                hUsbDeviceFS
                0x000000002000041c                hpcd_USB_OTG_FS
                0x0000000020000820                hdma_spi2_rx
                0x0000000020000880                huart2
                0x0000000020000900                hi2s2
 COMMON         0x0000000020000940      0x100 Core/Src/usbd_desc.o
                0x0000000020000940                USBD_StrDesc
 COMMON         0x0000000020000a40        0x4 Drivers/STM32F7xx_HAL_Driver/Src/stm32f7xx_hal.o
                0x0000000020000a40                uwTick
 COMMON         0x0000000020000a44        0x4 c:/st/stm32cubeide_1.4.0/stm32cubeide/plugins/com.st.stm32cube.ide.mcu.externaltools.gnu-tools-for-stm32.7-2018-q2-update.win32_1.4.0.202007081208/tools/bin/../lib/gcc/arm-none-eabi/7.3.1/../../../../arm-none-eabi/lib/thumb/v7e-m/fpv4-sp/hard\libc_nano.a(lib_a-reent.o)
                0x0000000020000a44                errno
                0x0000000020000a48                . = ALIGN (0x4)
                0x0000000020000a48                _ebss = .
                0x0000000020000a48                __bss_end__ = _ebss

._user_heap_stack
                0x0000000020000a48      0x600 load address 0x0000000008005074
                0x0000000020000a48                . = ALIGN (0x8)
                [!provide]                        PROVIDE (end = .)
                0x0000000020000a48                PROVIDE (_end = .)
                0x0000000020000c48                . = (. + _Min_Heap_Size)
 *fill*         0x0000000020000a48      0x200 
                0x0000000020001048                . = (. + _Min_Stack_Size)
 *fill*         0x0000000020000c48      0x400 
                0x0000000020001048                . = ALIGN (0x8)

/DISCARD/
 libc.a(*)
 libm.a(*)
 libgcc.a(*)

.ARM.attributes
                0x0000000000000000       0x30
 *(.ARM.attributes)
 .ARM.attributes
                0x0000000000000000       0x22 c:/st/stm32cubeide_1.4.0/stm32cubeide/plugins/com.st.stm32cube.ide.mcu.externaltools.gnu-tools-for-stm32.7-2018-q2-update.win32_1.4.0.202007081208/tools/bin/../lib/gcc/arm-none-eabi/7.3.1/thumb/v7e-m/fpv4-sp/hard/crti.o
 .ARM.attributes
                0x0000000000000022       0x34 c:/st/stm32cubeide_1.4.0/stm32cubeide/plugins/com.st.stm32cube.ide.mcu.externaltools.gnu-tools-for-stm32.7-2018-q2-update.win32_1.4.0.202007081208/tools/bin/../lib/gcc/arm-none-eabi/7.3.1/thumb/v7e-m/fpv4-sp/hard/crtbegin.o
 .ARM.attributes
                0x0000000000000056       0x39 Core/Src/main.o
 .ARM.attributes
                0x000000000000008f       0x39 Core/Src/stm32f7xx_hal_msp.o
 .ARM.attributes
                0x00000000000000c8       0x39 Core/Src/stm32f7xx_it.o
 .ARM.attributes
                0x0000000000000101       0x39 Core/Src/syscalls.o
 .ARM.attributes
                0x000000000000013a       0x39 Core/Src/sysmem.o
 .ARM.attributes
                0x0000000000000173       0x39 Core/Src/system_stm32f7xx.o
 .ARM.attributes
                0x00000000000001ac       0x39 Core/Src/usbd_conf.o
 .ARM.attributes
                0x00000000000001e5       0x39 Core/Src/usbd_desc.o
 .ARM.attributes
                0x000000000000021e       0x39 Core/Src/usbd_i2s_to_usb.o
 .ARM.attributes
                0x0000000000000257       0x39 Core/Src/usbd_pcd.o
 .ARM.attributes
                0x0000000000000290       0x21 Core/Startup/startup_stm32f730r8tx.o
 .ARM.attributes
                0x00000000000002b1       0x39 Drivers/STM32F7xx_HAL_Driver/Src/stm32f7xx_hal.o
 .ARM.attributes
                0x00000000000002ea       0x39 Drivers/STM32F7xx_HAL_Driver/Src/stm32f7xx_hal_cortex.o
 .ARM.attributes
                0x0000000000000323       0x39 Drivers/STM32F7xx_HAL_Driver/Src/stm32f7xx_hal_dma.o
 .ARM.attributes
                0x000000000000035c       0x39 Drivers/STM32F7xx_HAL_Driver/Src/stm32f7xx_hal_gpio.o
 .ARM.attributes
                0x0000000000000395       0x39 Drivers/STM32F7xx_HAL_Driver/Src/stm32f7xx_hal_i2s.o
 .ARM.attributes
                0x00000000000003ce       0x39 Drivers/STM32F7xx_HAL_Driver/Src/stm32f7xx_hal_pcd.o
 .ARM.attributes
                0x0000000000000407       0x39 Drivers/STM32F7xx_HAL_Driver/Src/stm32f7xx_hal_pcd_ex.o
 .ARM.attributes
                0x0000000000000440       0x39 Drivers/STM32F7xx_HAL_Driver/Src/stm32f7xx_hal_pwr_ex.o
 .ARM.attributes
                0x0000000000000479       0x39 Drivers/STM32F7xx_HAL_Driver/Src/stm32f7xx_hal_rcc.o
 .ARM.attributes
                0x00000000000004b2       0x39 Drivers/STM32F7xx_HAL_Driver/Src/stm32f7xx_hal_rcc_ex.o
 .ARM.attributes
                0x00000000000004eb       0x39 Drivers/STM32F7xx_HAL_Driver/Src/stm32f7xx_hal_uart.o
 .ARM.attributes
                0x0000000000000524       0x39 Drivers/STM32F7xx_HAL_Driver/Src/stm32f7xx_ll_usb.o
 .ARM.attributes
                0x000000000000055d       0x39 Middlewares/ST/STM32_USB_Device_Library/Core/Src/usbd_core.o
 .ARM.attributes
                0x0000000000000596       0x39 Middlewares/ST/STM32_USB_Device_Library/Core/Src/usbd_ctlreq.o
 .ARM.attributes
                0x00000000000005cf       0x39 Middlewares/ST/STM32_USB_Device_Library/Core/Src/usbd_ioreq.o
 .ARM.attributes
                0x0000000000000608       0x34 c:/st/stm32cubeide_1.4.0/stm32cubeide/plugins/com.st.stm32cube.ide.mcu.externaltools.gnu-tools-for-stm32.7-2018-q2-update.win32_1.4.0.202007081208/tools/bin/../lib/gcc/arm-none-eabi/7.3.1/../../../../arm-none-eabi/lib/thumb/v7e-m/fpv4-sp/hard\libc_nano.a(lib_a-errno.o)
 .ARM.attributes
                0x000000000000063c       0x34 c:/st/stm32cubeide_1.4.0/stm32cubeide/plugins/com.st.stm32cube.ide.mcu.externaltools.gnu-tools-for-stm32.7-2018-q2-update.win32_1.4.0.202007081208/tools/bin/../lib/gcc/arm-none-eabi/7.3.1/../../../../arm-none-eabi/lib/thumb/v7e-m/fpv4-sp/hard\libc_nano.a(lib_a-impure.o)
 .ARM.attributes
                0x0000000000000670       0x34 c:/st/stm32cubeide_1.4.0/stm32cubeide/plugins/com.st.stm32cube.ide.mcu.externaltools.gnu-tools-for-stm32.7-2018-q2-update.win32_1.4.0.202007081208/tools/bin/../lib/gcc/arm-none-eabi/7.3.1/../../../../arm-none-eabi/lib/thumb/v7e-m/fpv4-sp/hard\libc_nano.a(lib_a-init.o)
 .ARM.attributes
                0x00000000000006a4       0x34 c:/st/stm32cubeide_1.4.0/stm32cubeide/plugins/com.st.stm32cube.ide.mcu.externaltools.gnu-tools-for-stm32.7-2018-q2-update.win32_1.4.0.202007081208/tools/bin/../lib/gcc/arm-none-eabi/7.3.1/../../../../arm-none-eabi/lib/thumb/v7e-m/fpv4-sp/hard\libc_nano.a(lib_a-memset.o)
 .ARM.attributes
                0x00000000000006d8       0x34 c:/st/stm32cubeide_1.4.0/stm32cubeide/plugins/com.st.stm32cube.ide.mcu.externaltools.gnu-tools-for-stm32.7-2018-q2-update.win32_1.4.0.202007081208/tools/bin/../lib/gcc/arm-none-eabi/7.3.1/../../../../arm-none-eabi/lib/thumb/v7e-m/fpv4-sp/hard\libc_nano.a(lib_a-printf.o)
 .ARM.attributes
                0x000000000000070c       0x34 c:/st/stm32cubeide_1.4.0/stm32cubeide/plugins/com.st.stm32cube.ide.mcu.externaltools.gnu-tools-for-stm32.7-2018-q2-update.win32_1.4.0.202007081208/tools/bin/../lib/gcc/arm-none-eabi/7.3.1/../../../../arm-none-eabi/lib/thumb/v7e-m/fpv4-sp/hard\libc_nano.a(lib_a-putchar.o)
 .ARM.attributes
                0x0000000000000740       0x34 c:/st/stm32cubeide_1.4.0/stm32cubeide/plugins/com.st.stm32cube.ide.mcu.externaltools.gnu-tools-for-stm32.7-2018-q2-update.win32_1.4.0.202007081208/tools/bin/../lib/gcc/arm-none-eabi/7.3.1/../../../../arm-none-eabi/lib/thumb/v7e-m/fpv4-sp/hard\libc_nano.a(lib_a-findfp.o)
 .ARM.attributes
                0x0000000000000774       0x34 c:/st/stm32cubeide_1.4.0/stm32cubeide/plugins/com.st.stm32cube.ide.mcu.externaltools.gnu-tools-for-stm32.7-2018-q2-update.win32_1.4.0.202007081208/tools/bin/../lib/gcc/arm-none-eabi/7.3.1/../../../../arm-none-eabi/lib/thumb/v7e-m/fpv4-sp/hard\libc_nano.a(lib_a-fwalk.o)
 .ARM.attributes
                0x00000000000007a8       0x34 c:/st/stm32cubeide_1.4.0/stm32cubeide/plugins/com.st.stm32cube.ide.mcu.externaltools.gnu-tools-for-stm32.7-2018-q2-update.win32_1.4.0.202007081208/tools/bin/../lib/gcc/arm-none-eabi/7.3.1/../../../../arm-none-eabi/lib/thumb/v7e-m/fpv4-sp/hard\libc_nano.a(lib_a-nano-mallocr.o)
 .ARM.attributes
                0x00000000000007dc       0x34 c:/st/stm32cubeide_1.4.0/stm32cubeide/plugins/com.st.stm32cube.ide.mcu.externaltools.gnu-tools-for-stm32.7-2018-q2-update.win32_1.4.0.202007081208/tools/bin/../lib/gcc/arm-none-eabi/7.3.1/../../../../arm-none-eabi/lib/thumb/v7e-m/fpv4-sp/hard\libc_nano.a(lib_a-nano-vfprintf.o)
 .ARM.attributes
                0x0000000000000810       0x34 c:/st/stm32cubeide_1.4.0/stm32cubeide/plugins/com.st.stm32cube.ide.mcu.externaltools.gnu-tools-for-stm32.7-2018-q2-update.win32_1.4.0.202007081208/tools/bin/../lib/gcc/arm-none-eabi/7.3.1/../../../../arm-none-eabi/lib/thumb/v7e-m/fpv4-sp/hard\libc_nano.a(lib_a-nano-vfprintf_i.o)
 .ARM.attributes
                0x0000000000000844       0x34 c:/st/stm32cubeide_1.4.0/stm32cubeide/plugins/com.st.stm32cube.ide.mcu.externaltools.gnu-tools-for-stm32.7-2018-q2-update.win32_1.4.0.202007081208/tools/bin/../lib/gcc/arm-none-eabi/7.3.1/../../../../arm-none-eabi/lib/thumb/v7e-m/fpv4-sp/hard\libc_nano.a(lib_a-putc.o)
 .ARM.attributes
                0x0000000000000878       0x34 c:/st/stm32cubeide_1.4.0/stm32cubeide/plugins/com.st.stm32cube.ide.mcu.externaltools.gnu-tools-for-stm32.7-2018-q2-update.win32_1.4.0.202007081208/tools/bin/../lib/gcc/arm-none-eabi/7.3.1/../../../../arm-none-eabi/lib/thumb/v7e-m/fpv4-sp/hard\libc_nano.a(lib_a-sbrkr.o)
 .ARM.attributes
                0x00000000000008ac       0x34 c:/st/stm32cubeide_1.4.0/stm32cubeide/plugins/com.st.stm32cube.ide.mcu.externaltools.gnu-tools-for-stm32.7-2018-q2-update.win32_1.4.0.202007081208/tools/bin/../lib/gcc/arm-none-eabi/7.3.1/../../../../arm-none-eabi/lib/thumb/v7e-m/fpv4-sp/hard\libc_nano.a(lib_a-stdio.o)
 .ARM.attributes
                0x00000000000008e0       0x34 c:/st/stm32cubeide_1.4.0/stm32cubeide/plugins/com.st.stm32cube.ide.mcu.externaltools.gnu-tools-for-stm32.7-2018-q2-update.win32_1.4.0.202007081208/tools/bin/../lib/gcc/arm-none-eabi/7.3.1/../../../../arm-none-eabi/lib/thumb/v7e-m/fpv4-sp/hard\libc_nano.a(lib_a-wbuf.o)
 .ARM.attributes
                0x0000000000000914       0x34 c:/st/stm32cubeide_1.4.0/stm32cubeide/plugins/com.st.stm32cube.ide.mcu.externaltools.gnu-tools-for-stm32.7-2018-q2-update.win32_1.4.0.202007081208/tools/bin/../lib/gcc/arm-none-eabi/7.3.1/../../../../arm-none-eabi/lib/thumb/v7e-m/fpv4-sp/hard\libc_nano.a(lib_a-writer.o)
 .ARM.attributes
                0x0000000000000948       0x34 c:/st/stm32cubeide_1.4.0/stm32cubeide/plugins/com.st.stm32cube.ide.mcu.externaltools.gnu-tools-for-stm32.7-2018-q2-update.win32_1.4.0.202007081208/tools/bin/../lib/gcc/arm-none-eabi/7.3.1/../../../../arm-none-eabi/lib/thumb/v7e-m/fpv4-sp/hard\libc_nano.a(lib_a-wsetup.o)
 .ARM.attributes
                0x000000000000097c       0x34 c:/st/stm32cubeide_1.4.0/stm32cubeide/plugins/com.st.stm32cube.ide.mcu.externaltools.gnu-tools-for-stm32.7-2018-q2-update.win32_1.4.0.202007081208/tools/bin/../lib/gcc/arm-none-eabi/7.3.1/../../../../arm-none-eabi/lib/thumb/v7e-m/fpv4-sp/hard\libc_nano.a(lib_a-closer.o)
 .ARM.attributes
                0x00000000000009b0       0x34 c:/st/stm32cubeide_1.4.0/stm32cubeide/plugins/com.st.stm32cube.ide.mcu.externaltools.gnu-tools-for-stm32.7-2018-q2-update.win32_1.4.0.202007081208/tools/bin/../lib/gcc/arm-none-eabi/7.3.1/../../../../arm-none-eabi/lib/thumb/v7e-m/fpv4-sp/hard\libc_nano.a(lib_a-fflush.o)
 .ARM.attributes
                0x00000000000009e4       0x34 c:/st/stm32cubeide_1.4.0/stm32cubeide/plugins/com.st.stm32cube.ide.mcu.externaltools.gnu-tools-for-stm32.7-2018-q2-update.win32_1.4.0.202007081208/tools/bin/../lib/gcc/arm-none-eabi/7.3.1/../../../../arm-none-eabi/lib/thumb/v7e-m/fpv4-sp/hard\libc_nano.a(lib_a-lseekr.o)
 .ARM.attributes
                0x0000000000000a18       0x34 c:/st/stm32cubeide_1.4.0/stm32cubeide/plugins/com.st.stm32cube.ide.mcu.externaltools.gnu-tools-for-stm32.7-2018-q2-update.win32_1.4.0.202007081208/tools/bin/../lib/gcc/arm-none-eabi/7.3.1/../../../../arm-none-eabi/lib/thumb/v7e-m/fpv4-sp/hard\libc_nano.a(lib_a-makebuf.o)
 .ARM.attributes
                0x0000000000000a4c       0x20 c:/st/stm32cubeide_1.4.0/stm32cubeide/plugins/com.st.stm32cube.ide.mcu.externaltools.gnu-tools-for-stm32.7-2018-q2-update.win32_1.4.0.202007081208/tools/bin/../lib/gcc/arm-none-eabi/7.3.1/../../../../arm-none-eabi/lib/thumb/v7e-m/fpv4-sp/hard\libc_nano.a(lib_a-memchr.o)
 .ARM.attributes
                0x0000000000000a6c       0x34 c:/st/stm32cubeide_1.4.0/stm32cubeide/plugins/com.st.stm32cube.ide.mcu.externaltools.gnu-tools-for-stm32.7-2018-q2-update.win32_1.4.0.202007081208/tools/bin/../lib/gcc/arm-none-eabi/7.3.1/../../../../arm-none-eabi/lib/thumb/v7e-m/fpv4-sp/hard\libc_nano.a(lib_a-mlock.o)
 .ARM.attributes
                0x0000000000000aa0       0x34 c:/st/stm32cubeide_1.4.0/stm32cubeide/plugins/com.st.stm32cube.ide.mcu.externaltools.gnu-tools-for-stm32.7-2018-q2-update.win32_1.4.0.202007081208/tools/bin/../lib/gcc/arm-none-eabi/7.3.1/../../../../arm-none-eabi/lib/thumb/v7e-m/fpv4-sp/hard\libc_nano.a(lib_a-nano-freer.o)
 .ARM.attributes
                0x0000000000000ad4       0x34 c:/st/stm32cubeide_1.4.0/stm32cubeide/plugins/com.st.stm32cube.ide.mcu.externaltools.gnu-tools-for-stm32.7-2018-q2-update.win32_1.4.0.202007081208/tools/bin/../lib/gcc/arm-none-eabi/7.3.1/../../../../arm-none-eabi/lib/thumb/v7e-m/fpv4-sp/hard\libc_nano.a(lib_a-readr.o)
 .ARM.attributes
                0x0000000000000b08       0x34 c:/st/stm32cubeide_1.4.0/stm32cubeide/plugins/com.st.stm32cube.ide.mcu.externaltools.gnu-tools-for-stm32.7-2018-q2-update.win32_1.4.0.202007081208/tools/bin/../lib/gcc/arm-none-eabi/7.3.1/../../../../arm-none-eabi/lib/thumb/v7e-m/fpv4-sp/hard\libc_nano.a(lib_a-reent.o)
 .ARM.attributes
                0x0000000000000b3c       0x34 c:/st/stm32cubeide_1.4.0/stm32cubeide/plugins/com.st.stm32cube.ide.mcu.externaltools.gnu-tools-for-stm32.7-2018-q2-update.win32_1.4.0.202007081208/tools/bin/../lib/gcc/arm-none-eabi/7.3.1/../../../../arm-none-eabi/lib/thumb/v7e-m/fpv4-sp/hard\libc_nano.a(lib_a-fstatr.o)
 .ARM.attributes
                0x0000000000000b70       0x34 c:/st/stm32cubeide_1.4.0/stm32cubeide/plugins/com.st.stm32cube.ide.mcu.externaltools.gnu-tools-for-stm32.7-2018-q2-update.win32_1.4.0.202007081208/tools/bin/../lib/gcc/arm-none-eabi/7.3.1/../../../../arm-none-eabi/lib/thumb/v7e-m/fpv4-sp/hard\libc_nano.a(lib_a-isattyr.o)
 .ARM.attributes
                0x0000000000000ba4       0x22 c:/st/stm32cubeide_1.4.0/stm32cubeide/plugins/com.st.stm32cube.ide.mcu.externaltools.gnu-tools-for-stm32.7-2018-q2-update.win32_1.4.0.202007081208/tools/bin/../lib/gcc/arm-none-eabi/7.3.1/thumb/v7e-m/fpv4-sp/hard\libgcc.a(_aeabi_uldivmod.o)
 .ARM.attributes
                0x0000000000000bc6       0x34 c:/st/stm32cubeide_1.4.0/stm32cubeide/plugins/com.st.stm32cube.ide.mcu.externaltools.gnu-tools-for-stm32.7-2018-q2-update.win32_1.4.0.202007081208/tools/bin/../lib/gcc/arm-none-eabi/7.3.1/thumb/v7e-m/fpv4-sp/hard\libgcc.a(_udivmoddi4.o)
 .ARM.attributes
                0x0000000000000bfa       0x22 c:/st/stm32cubeide_1.4.0/stm32cubeide/plugins/com.st.stm32cube.ide.mcu.externaltools.gnu-tools-for-stm32.7-2018-q2-update.win32_1.4.0.202007081208/tools/bin/../lib/gcc/arm-none-eabi/7.3.1/thumb/v7e-m/fpv4-sp/hard\libgcc.a(_dvmd_tls.o)
 .ARM.attributes
                0x0000000000000c1c       0x22 c:/st/stm32cubeide_1.4.0/stm32cubeide/plugins/com.st.stm32cube.ide.mcu.externaltools.gnu-tools-for-stm32.7-2018-q2-update.win32_1.4.0.202007081208/tools/bin/../lib/gcc/arm-none-eabi/7.3.1/thumb/v7e-m/fpv4-sp/hard/crtn.o
OUTPUT(I2S to USB FS bridge.elf elf32-littlearm)

.comment        0x0000000000000000       0x7b
 .comment       0x0000000000000000       0x7b Core/Src/main.o
                                         0x7c (size before relaxing)
 .comment       0x000000000000007b       0x7c Core/Src/stm32f7xx_hal_msp.o
 .comment       0x000000000000007b       0x7c Core/Src/stm32f7xx_it.o
 .comment       0x000000000000007b       0x7c Core/Src/syscalls.o
 .comment       0x000000000000007b       0x7c Core/Src/sysmem.o
 .comment       0x000000000000007b       0x7c Core/Src/system_stm32f7xx.o
 .comment       0x000000000000007b       0x7c Core/Src/usbd_conf.o
 .comment       0x000000000000007b       0x7c Core/Src/usbd_desc.o
 .comment       0x000000000000007b       0x7c Core/Src/usbd_i2s_to_usb.o
 .comment       0x000000000000007b       0x7c Core/Src/usbd_pcd.o
 .comment       0x000000000000007b       0x7c Drivers/STM32F7xx_HAL_Driver/Src/stm32f7xx_hal.o
 .comment       0x000000000000007b       0x7c Drivers/STM32F7xx_HAL_Driver/Src/stm32f7xx_hal_cortex.o
 .comment       0x000000000000007b       0x7c Drivers/STM32F7xx_HAL_Driver/Src/stm32f7xx_hal_dma.o
 .comment       0x000000000000007b       0x7c Drivers/STM32F7xx_HAL_Driver/Src/stm32f7xx_hal_gpio.o
 .comment       0x000000000000007b       0x7c Drivers/STM32F7xx_HAL_Driver/Src/stm32f7xx_hal_i2s.o
 .comment       0x000000000000007b       0x7c Drivers/STM32F7xx_HAL_Driver/Src/stm32f7xx_hal_pcd.o
 .comment       0x000000000000007b       0x7c Drivers/STM32F7xx_HAL_Driver/Src/stm32f7xx_hal_pcd_ex.o
 .comment       0x000000000000007b       0x7c Drivers/STM32F7xx_HAL_Driver/Src/stm32f7xx_hal_pwr_ex.o
 .comment       0x000000000000007b       0x7c Drivers/STM32F7xx_HAL_Driver/Src/stm32f7xx_hal_rcc.o
 .comment       0x000000000000007b       0x7c Drivers/STM32F7xx_HAL_Driver/Src/stm32f7xx_hal_rcc_ex.o
 .comment       0x000000000000007b       0x7c Drivers/STM32F7xx_HAL_Driver/Src/stm32f7xx_hal_uart.o
 .comment       0x000000000000007b       0x7c Drivers/STM32F7xx_HAL_Driver/Src/stm32f7xx_ll_usb.o
 .comment       0x000000000000007b       0x7c Middlewares/ST/STM32_USB_Device_Library/Core/Src/usbd_core.o
 .comment       0x000000000000007b       0x7c Middlewares/ST/STM32_USB_Device_Library/Core/Src/usbd_ctlreq.o
 .comment       0x000000000000007b       0x7c Middlewares/ST/STM32_USB_Device_Library/Core/Src/usbd_ioreq.o

.debug_frame    0x0000000000000000      0x834
 .debug_frame   0x0000000000000000       0x20 c:/st/stm32cubeide_1.4.0/stm32cubeide/plugins/com.st.stm32cube.ide.mcu.externaltools.gnu-tools-for-stm32.7-2018-q2-update.win32_1.4.0.202007081208/tools/bin/../lib/gcc/arm-none-eabi/7.3.1/../../../../arm-none-eabi/lib/thumb/v7e-m/fpv4-sp/hard\libc_nano.a(lib_a-errno.o)
 .debug_frame   0x0000000000000020       0x2c c:/st/stm32cubeide_1.4.0/stm32cubeide/plugins/com.st.stm32cube.ide.mcu.externaltools.gnu-tools-for-stm32.7-2018-q2-update.win32_1.4.0.202007081208/tools/bin/../lib/gcc/arm-none-eabi/7.3.1/../../../../arm-none-eabi/lib/thumb/v7e-m/fpv4-sp/hard\libc_nano.a(lib_a-init.o)
 .debug_frame   0x000000000000004c       0x20 c:/st/stm32cubeide_1.4.0/stm32cubeide/plugins/com.st.stm32cube.ide.mcu.externaltools.gnu-tools-for-stm32.7-2018-q2-update.win32_1.4.0.202007081208/tools/bin/../lib/gcc/arm-none-eabi/7.3.1/../../../../arm-none-eabi/lib/thumb/v7e-m/fpv4-sp/hard\libc_nano.a(lib_a-memset.o)
 .debug_frame   0x000000000000006c       0x74 c:/st/stm32cubeide_1.4.0/stm32cubeide/plugins/com.st.stm32cube.ide.mcu.externaltools.gnu-tools-for-stm32.7-2018-q2-update.win32_1.4.0.202007081208/tools/bin/../lib/gcc/arm-none-eabi/7.3.1/../../../../arm-none-eabi/lib/thumb/v7e-m/fpv4-sp/hard\libc_nano.a(lib_a-printf.o)
 .debug_frame   0x00000000000000e0       0x58 c:/st/stm32cubeide_1.4.0/stm32cubeide/plugins/com.st.stm32cube.ide.mcu.externaltools.gnu-tools-for-stm32.7-2018-q2-update.win32_1.4.0.202007081208/tools/bin/../lib/gcc/arm-none-eabi/7.3.1/../../../../arm-none-eabi/lib/thumb/v7e-m/fpv4-sp/hard\libc_nano.a(lib_a-putchar.o)
 .debug_frame   0x0000000000000138      0x11c c:/st/stm32cubeide_1.4.0/stm32cubeide/plugins/com.st.stm32cube.ide.mcu.externaltools.gnu-tools-for-stm32.7-2018-q2-update.win32_1.4.0.202007081208/tools/bin/../lib/gcc/arm-none-eabi/7.3.1/../../../../arm-none-eabi/lib/thumb/v7e-m/fpv4-sp/hard\libc_nano.a(lib_a-findfp.o)
 .debug_frame   0x0000000000000254       0x54 c:/st/stm32cubeide_1.4.0/stm32cubeide/plugins/com.st.stm32cube.ide.mcu.externaltools.gnu-tools-for-stm32.7-2018-q2-update.win32_1.4.0.202007081208/tools/bin/../lib/gcc/arm-none-eabi/7.3.1/../../../../arm-none-eabi/lib/thumb/v7e-m/fpv4-sp/hard\libc_nano.a(lib_a-fwalk.o)
 .debug_frame   0x00000000000002a8       0x2c c:/st/stm32cubeide_1.4.0/stm32cubeide/plugins/com.st.stm32cube.ide.mcu.externaltools.gnu-tools-for-stm32.7-2018-q2-update.win32_1.4.0.202007081208/tools/bin/../lib/gcc/arm-none-eabi/7.3.1/../../../../arm-none-eabi/lib/thumb/v7e-m/fpv4-sp/hard\libc_nano.a(lib_a-nano-mallocr.o)
 .debug_frame   0x00000000000002d4       0xac c:/st/stm32cubeide_1.4.0/stm32cubeide/plugins/com.st.stm32cube.ide.mcu.externaltools.gnu-tools-for-stm32.7-2018-q2-update.win32_1.4.0.202007081208/tools/bin/../lib/gcc/arm-none-eabi/7.3.1/../../../../arm-none-eabi/lib/thumb/v7e-m/fpv4-sp/hard\libc_nano.a(lib_a-nano-vfprintf.o)
 .debug_frame   0x0000000000000380       0x60 c:/st/stm32cubeide_1.4.0/stm32cubeide/plugins/com.st.stm32cube.ide.mcu.externaltools.gnu-tools-for-stm32.7-2018-q2-update.win32_1.4.0.202007081208/tools/bin/../lib/gcc/arm-none-eabi/7.3.1/../../../../arm-none-eabi/lib/thumb/v7e-m/fpv4-sp/hard\libc_nano.a(lib_a-nano-vfprintf_i.o)